
There are no discarded input sections

Memory Configuration

Name             Origin             Length             Attributes
RAM              0x00400000         0x00002000         xw
*default*        0x00000000         0xffffffff

Linker script and memory map

LOAD builds/build6/startup.o
LOAD builds/build6/main.o
LOAD builds/build6/riscYstdio.o
                0x00000600                        _stack_size = 0x600
                0x00400000                        . = ORIGIN (RAM)

.text           0x00400000      0x960
 *(.text)
 .text          0x00400000       0x1c builds/build6/startup.o
                0x00400000                _start
 .text          0x0040001c      0x170 builds/build6/main.o
                0x0040001c                WriteSprite
                0x0040004c                SetAttributes
                0x0040008c                getUSBint
                0x00400098                USBParser
 .text          0x0040018c      0x68c builds/build6/riscYstdio.o
                0x0040018c                memcpy
                0x004001b0                memset
                0x004001cc                getButtonDown
                0x004001d8                getButtonUp
                0x004001e4                getButtonLeft
                0x004001f0                getButtonRight
                0x004001fc                putch
                0x0040022c                printString
                0x004002ec                printHex
                0x0040038c                printDec
                0x00400484                printf
                0x00400628                printfSCR
                0x004007c0                clearScreen
                0x0040080c                resetScreenVector
 *(.rodata)
 .rodata        0x00400818      0x134 builds/build6/main.o
 .rodata        0x0040094c       0x14 builds/build6/riscYstdio.o
                0x00400960                        _etext = .

.text.startup   0x00400960      0x688
 .text.startup  0x00400960      0x688 builds/build6/main.o
                0x00400960                main

.rodata.str1.4  0x00400fe8       0x76
 .rodata.str1.4
                0x00400fe8       0x76 builds/build6/main.o
                                 0x59 (size before relaxing)
 .rodata.str1.4
                0x0040105e       0x1a builds/build6/riscYstdio.o

.rela.dyn       0x00401060        0x0
 .rela.text     0x00401060        0x0 builds/build6/startup.o
                0x00401060                        . = ALIGN (0x4)

.data           0x0040105e        0x0 load address 0x00400960
                0x0040105e                        _sdata = .
 *(.data)
 .data          0x0040105e        0x0 builds/build6/startup.o
 .data          0x0040105e        0x0 builds/build6/main.o
 .data          0x0040105e        0x0 builds/build6/riscYstdio.o
                0x0040105e                        _edata = .
                0x00401060                        . = ALIGN (0x4)

.bss            0x0040105e        0x0
                0x0040105e                        _sbss = .
 *(.bss COMMON)
 .bss           0x0040105e        0x0 builds/build6/startup.o
 .bss           0x0040105e        0x0 builds/build6/main.o
 .bss           0x0040105e        0x0 builds/build6/riscYstdio.o
                0x0040105e                        _ebss = .
                0x00401060                        . = ALIGN (0x4)
                0x00402000                        _stack_end = (ORIGIN (RAM) + LENGTH (RAM))
                0x00401a00                        _stack_top = (_stack_end - _stack_size)
                0x00401400                        _stack_bottom = (_stack_top - _stack_size)
OUTPUT(builds/build6/program.elf elf32-littleriscv)

.sbss           0x0040105e        0x2
 .sbss          0x0040105e        0x2 builds/build6/riscYstdio.o
                0x0040105e                screenPos

.riscv.attributes
                0x00000000       0x1c
 .riscv.attributes
                0x00000000       0x1a builds/build6/startup.o
 .riscv.attributes
                0x0000001a       0x1c builds/build6/main.o
 .riscv.attributes
                0x00000036       0x1c builds/build6/riscYstdio.o

.comment        0x00000000       0x1b
 .comment       0x00000000       0x1b builds/build6/main.o
                                 0x1c (size before relaxing)
 .comment       0x0000001b       0x1c builds/build6/riscYstdio.o
