
There are no discarded input sections

Memory Configuration

Name             Origin             Length             Attributes
RAM              0x00000000         0x00001000         xw
*default*        0x00000000         0xffffffff

Linker script and memory map

LOAD builds/build0/startup.o
LOAD builds/build0/main.o
LOAD builds/build0/riscYstdio.o
                0x00000400                        _stack_size = 0x400
                0x00000000                        . = ORIGIN (RAM)

.text           0x00000000      0x74c
 *(.text)
 .text          0x00000000       0x60 builds/build0/startup.o
                0x00000000                _start
 .text          0x00000060       0x50 builds/build0/main.o
                0x00000060                readFlash
 .text          0x000000b0      0x688 builds/build0/riscYstdio.o
                0x000000b0                memcpy
                0x000000d4                memset
                0x000000f0                getButtonDown
                0x000000fc                getButtonUp
                0x00000108                getButtonLeft
                0x00000114                getButtonRight
                0x00000120                putch
                0x00000150                printString
                0x00000210                printHex
                0x000002b0                printDec
                0x000003a4                printf
                0x00000548                printfSCR
                0x000006e0                clearScreen
                0x0000072c                resetScreenVector
 *(.rodata)
 .rodata        0x00000738       0x14 builds/build0/riscYstdio.o
                0x0000074c                        _etext = .

.text.startup   0x0000074c      0x224
 .text.startup  0x0000074c      0x224 builds/build0/main.o
                0x0000074c                main

.rodata.str1.4  0x00000970       0x86
 .rodata.str1.4
                0x00000970       0x86 builds/build0/main.o
                                 0x6a (size before relaxing)
 .rodata.str1.4
                0x000009f6       0x1a builds/build0/riscYstdio.o

.rela.dyn       0x000009f8        0x0
 .rela.text     0x000009f8        0x0 builds/build0/startup.o
                0x000009f8                        . = ALIGN (0x4)

.data           0x000009f6        0x0 load address 0x0000074c
                0x000009f6                        _sdata = .
 *(.data)
 .data          0x000009f6        0x0 builds/build0/startup.o
 .data          0x000009f6        0x0 builds/build0/main.o
 .data          0x000009f6        0x0 builds/build0/riscYstdio.o
                0x000009f6                        _edata = .
                0x000009f8                        . = ALIGN (0x4)

.bss            0x000009f6        0x0
                0x000009f6                        _sbss = .
 *(.bss COMMON)
 .bss           0x000009f6        0x0 builds/build0/startup.o
 .bss           0x000009f6        0x0 builds/build0/main.o
 .bss           0x000009f6        0x0 builds/build0/riscYstdio.o
                0x000009f6                        _ebss = .
                0x000009f8                        . = ALIGN (0x4)
                0x00001000                        _stack_end = (ORIGIN (RAM) + LENGTH (RAM))
                0x00000c00                        _stack_top = (_stack_end - _stack_size)
                0x00000800                        _stack_bottom = (_stack_top - _stack_size)
OUTPUT(builds/build0/program.elf elf32-littleriscv)

.sbss           0x000009f6        0x2
 .sbss          0x000009f6        0x2 builds/build0/riscYstdio.o
                0x000009f6                screenPos

.riscv.attributes
                0x00000000       0x1c
 .riscv.attributes
                0x00000000       0x1a builds/build0/startup.o
 .riscv.attributes
                0x0000001a       0x1c builds/build0/main.o
 .riscv.attributes
                0x00000036       0x1c builds/build0/riscYstdio.o

.comment        0x00000000       0x1b
 .comment       0x00000000       0x1b builds/build0/main.o
                                 0x1c (size before relaxing)
 .comment       0x0000001b       0x1c builds/build0/riscYstdio.o
