
There are no discarded input sections

Memory Configuration

Name             Origin             Length             Attributes
RAM              0x00000000         0x00001000         xw
*default*        0x00000000         0xffffffff

Linker script and memory map

LOAD builds/build2/startup.o
LOAD builds/build2/main.o
LOAD builds/build2/riscYstdio.o
                0x00000400                        _stack_size = 0x400
                0x00000000                        . = ORIGIN (RAM)

.text           0x00000000      0x8e4
 *(.text)
 .text          0x00000000       0x60 builds/build2/startup.o
                0x00000000                _start
 .text          0x00000060       0x50 builds/build2/main.o
                0x00000060                main
 .text          0x000000b0      0x7d4 builds/build2/riscYstdio.o
                0x000000b0                memcpy
                0x0000012c                getButtonDown
                0x00000158                getButtonUp
                0x00000184                getButtonLeft
                0x000001b0                getButtonRight
                0x000001dc                putch
                0x00000284                printString
                0x0000036c                printHex
                0x00000460                printDec
                0x00000608                printf
 *(.rodata)
 .rodata        0x00000884       0x30 builds/build2/main.o
 .rodata        0x000008b4       0x30 builds/build2/riscYstdio.o
                0x000008e4                        _etext = .

.rela.dyn       0x000008e4        0x0
 .rela.text     0x000008e4        0x0 builds/build2/startup.o
                0x000008e4                        . = ALIGN (0x4)

.data           0x000008e4        0x0
                0x000008e4                        _sdata = .
 *(.data)
 .data          0x000008e4        0x0 builds/build2/startup.o
 .data          0x000008e4        0x0 builds/build2/main.o
 .data          0x000008e4        0x0 builds/build2/riscYstdio.o
                0x000008e4                        _edata = .
                0x000008e4                        . = ALIGN (0x4)

.bss            0x000008e4        0x0
                0x000008e4                        _sbss = .
 *(.bss COMMON)
 .bss           0x000008e4        0x0 builds/build2/startup.o
 .bss           0x000008e4        0x0 builds/build2/main.o
 .bss           0x000008e4        0x0 builds/build2/riscYstdio.o
                0x000008e4                        _ebss = .
                0x000008e4                        . = ALIGN (0x4)
                0x00001000                        _stack_end = (ORIGIN (RAM) + LENGTH (RAM))
                0x00000c00                        _stack_top = (_stack_end - _stack_size)
                0x00000800                        _stack_bottom = (_stack_top - _stack_size)
OUTPUT(builds/build2/program.elf elf32-littleriscv)

.riscv.attributes
                0x00000000       0x1c
 .riscv.attributes
                0x00000000       0x1a builds/build2/startup.o
 .riscv.attributes
                0x0000001a       0x1c builds/build2/main.o
 .riscv.attributes
                0x00000036       0x1c builds/build2/riscYstdio.o

.comment        0x00000000       0x1b
 .comment       0x00000000       0x1b builds/build2/main.o
                                 0x1c (size before relaxing)
 .comment       0x0000001b       0x1c builds/build2/riscYstdio.o
