
There are no discarded input sections

Memory Configuration

Name             Origin             Length             Attributes
RAM              0x00400000         0x00002000         xw
*default*        0x00000000         0xffffffff

Linker script and memory map

LOAD builds/build0/startup.o
LOAD builds/build0/main.o
LOAD builds/build0/riscYstdio.o
                0x00000600                        _stack_size = 0x600
                0x00400000                        . = ORIGIN (RAM)

.text           0x00400000      0x6b4
 *(.text)
 .text          0x00400000       0x1c builds/build0/startup.o
                0x00400000                _start
 .text          0x0040001c        0x0 builds/build0/main.o
 .text          0x0040001c      0x684 builds/build0/riscYstdio.o
                0x0040001c                memcpy
                0x00400040                memset
                0x0040005c                getButtonDown
                0x00400068                getButtonUp
                0x00400074                getButtonLeft
                0x00400080                getButtonRight
                0x0040008c                putch
                0x004000bc                printString
                0x0040017c                printHex
                0x0040021c                printDec
                0x00400314                printf
                0x004004b0                printfSCR
                0x00400648                clearScreen
                0x00400694                resetScreenVector
 *(.rodata)
 .rodata        0x004006a0       0x14 builds/build0/riscYstdio.o
                0x004006b4                        _etext = .

.text.startup   0x004006b4       0xc8
 .text.startup  0x004006b4       0xc8 builds/build0/main.o
                0x004006b4                main

.rodata.str1.4  0x0040077c       0x2e
 .rodata.str1.4
                0x0040077c       0x2e builds/build0/main.o
                                 0x14 (size before relaxing)
 .rodata.str1.4
                0x004007aa       0x1a builds/build0/riscYstdio.o

.rela.dyn       0x004007ac        0x0
 .rela.text     0x004007ac        0x0 builds/build0/startup.o
                0x004007ac                        . = ALIGN (0x4)

.data           0x004007aa        0x0 load address 0x004006b4
                0x004007aa                        _sdata = .
 *(.data)
 .data          0x004007aa        0x0 builds/build0/startup.o
 .data          0x004007aa        0x0 builds/build0/main.o
 .data          0x004007aa        0x0 builds/build0/riscYstdio.o
                0x004007aa                        _edata = .
                0x004007ac                        . = ALIGN (0x4)

.bss            0x004007aa        0x0
                0x004007aa                        _sbss = .
 *(.bss COMMON)
 .bss           0x004007aa        0x0 builds/build0/startup.o
 .bss           0x004007aa        0x0 builds/build0/main.o
 .bss           0x004007aa        0x0 builds/build0/riscYstdio.o
                0x004007aa                        _ebss = .
                0x004007ac                        . = ALIGN (0x4)
                0x00402000                        _stack_end = (ORIGIN (RAM) + LENGTH (RAM))
                0x00401a00                        _stack_top = (_stack_end - _stack_size)
                0x00401400                        _stack_bottom = (_stack_top - _stack_size)
OUTPUT(builds/build0/program.elf elf32-littleriscv)

.sbss           0x004007aa        0x2
 .sbss          0x004007aa        0x2 builds/build0/riscYstdio.o
                0x004007aa                screenPos

.riscv.attributes
                0x00000000       0x1c
 .riscv.attributes
                0x00000000       0x1a builds/build0/startup.o
 .riscv.attributes
                0x0000001a       0x1c builds/build0/main.o
 .riscv.attributes
                0x00000036       0x1c builds/build0/riscYstdio.o

.comment        0x00000000       0x1b
 .comment       0x00000000       0x1b builds/build0/main.o
                                 0x1c (size before relaxing)
 .comment       0x0000001b       0x1c builds/build0/riscYstdio.o

.note.GNU-stack
                0x00000000        0x0
 .note.GNU-stack
                0x00000000        0x0 builds/build0/main.o
 .note.GNU-stack
                0x00000000        0x0 builds/build0/riscYstdio.o
