
There are no discarded input sections

Memory Configuration

Name             Origin             Length             Attributes
RAM              0x00400000         0x00002000         xw
*default*        0x00000000         0xffffffff

Linker script and memory map

LOAD builds/build0/startup.o
LOAD builds/build0/main.o
LOAD builds/build0/riscYstdio.o
                0x00000600                        _stack_size = 0x600
                0x00400000                        . = ORIGIN (RAM)

.text           0x00400000      0x8ac
 *(.text)
 .text          0x00400000       0x1c builds/build0/startup.o
                0x00400000                _start
 .text          0x0040001c       0xe8 builds/build0/main.o
                0x0040001c                getUSBModifier
                0x00400028                getUSBType
                0x00400034                getUSBint
                0x00400040                USBParser
 .text          0x00400104      0x68c builds/build0/riscYstdio.o
                0x00400104                memcpy
                0x00400128                memset
                0x00400144                getButtonDown
                0x00400150                getButtonUp
                0x0040015c                getButtonLeft
                0x00400168                getButtonRight
                0x00400174                putch
                0x004001a4                printString
                0x00400264                printHex
                0x00400304                printDec
                0x004003fc                printf
                0x004005a0                printfSCR
                0x00400738                clearScreen
                0x00400784                resetScreenVector
 *(.rodata)
 .rodata        0x00400790      0x108 builds/build0/main.o
 .rodata        0x00400898       0x14 builds/build0/riscYstdio.o
                0x004008ac                        _etext = .

.text.startup   0x004008ac      0x1c8
 .text.startup  0x004008ac      0x1c8 builds/build0/main.o
                0x004008ac                main

.rodata.str1.4  0x00400a74       0x56
 .rodata.str1.4
                0x00400a74       0x56 builds/build0/main.o
                                 0x3c (size before relaxing)
 .rodata.str1.4
                0x00400aca       0x1a builds/build0/riscYstdio.o

.rela.dyn       0x00400acc        0x0
 .rela.text     0x00400acc        0x0 builds/build0/startup.o
                0x00400acc                        . = ALIGN (0x4)

.data           0x00400aca        0x0 load address 0x004008ac
                0x00400aca                        _sdata = .
 *(.data)
 .data          0x00400aca        0x0 builds/build0/startup.o
 .data          0x00400aca        0x0 builds/build0/main.o
 .data          0x00400aca        0x0 builds/build0/riscYstdio.o
                0x00400aca                        _edata = .
                0x00400acc                        . = ALIGN (0x4)

.bss            0x00400aca        0x0
                0x00400aca                        _sbss = .
 *(.bss COMMON)
 .bss           0x00400aca        0x0 builds/build0/startup.o
 .bss           0x00400aca        0x0 builds/build0/main.o
 .bss           0x00400aca        0x0 builds/build0/riscYstdio.o
                0x00400aca                        _ebss = .
                0x00400acc                        . = ALIGN (0x4)
                0x00402000                        _stack_end = (ORIGIN (RAM) + LENGTH (RAM))
                0x00401a00                        _stack_top = (_stack_end - _stack_size)
                0x00401400                        _stack_bottom = (_stack_top - _stack_size)
OUTPUT(builds/build0/program.elf elf32-littleriscv)

.sbss           0x00400aca        0x2
 .sbss          0x00400aca        0x2 builds/build0/riscYstdio.o
                0x00400aca                screenPos

.riscv.attributes
                0x00000000       0x1c
 .riscv.attributes
                0x00000000       0x1a builds/build0/startup.o
 .riscv.attributes
                0x0000001a       0x1c builds/build0/main.o
 .riscv.attributes
                0x00000036       0x1c builds/build0/riscYstdio.o

.comment        0x00000000       0x1b
 .comment       0x00000000       0x1b builds/build0/main.o
                                 0x1c (size before relaxing)
 .comment       0x0000001b       0x1c builds/build0/riscYstdio.o
