
There are no discarded input sections

Memory Configuration

Name             Origin             Length             Attributes
RAM              0x00400000         0x00002000         xw
*default*        0x00000000         0xffffffff

Linker script and memory map

LOAD builds/build0/startup.o
LOAD builds/build0/main.o
LOAD builds/build0/riscYstdio.o
                0x00000400                        _stack_size = 0x400
                0x00400000                        . = ORIGIN (RAM)

.text           0x00400000      0x7f8
 *(.text)
 .text          0x00400000       0x1c builds/build0/startup.o
                0x00400000                _start
 .text          0x0040001c      0x13c builds/build0/main.o
                0x0040001c                printScore
                0x00400034                printSnake
                0x0040010c                checkForCollision
 .text          0x00400158      0x68c builds/build0/riscYstdio.o
                0x00400158                memcpy
                0x0040017c                memset
                0x00400198                getButtonDown
                0x004001a4                getButtonUp
                0x004001b0                getButtonLeft
                0x004001bc                getButtonRight
                0x004001c8                putch
                0x004001f8                printString
                0x004002b8                printHex
                0x00400358                printDec
                0x00400450                printf
                0x004005f4                printfSCR
                0x0040078c                clearScreen
                0x004007d8                resetScreenVector
 *(.rodata)
 .rodata        0x004007e4       0x14 builds/build0/riscYstdio.o
                0x004007f8                        _etext = .

.text.startup   0x004007f8      0x4bc
 .text.startup  0x004007f8      0x4bc builds/build0/main.o
                0x004007f8                main

.rodata.str1.4  0x00400cb4       0x6e
 .rodata.str1.4
                0x00400cb4       0x6e builds/build0/main.o
                                 0x54 (size before relaxing)
 .rodata.str1.4
                0x00400d22       0x1a builds/build0/riscYstdio.o

.rela.dyn       0x00400d24        0x0
 .rela.text     0x00400d24        0x0 builds/build0/startup.o
                0x00400d24                        . = ALIGN (0x4)

.data           0x00400d22        0x0 load address 0x004007f8
                0x00400d22                        _sdata = .
 *(.data)
 .data          0x00400d22        0x0 builds/build0/startup.o
 .data          0x00400d22        0x0 builds/build0/main.o
 .data          0x00400d22        0x0 builds/build0/riscYstdio.o
                0x00400d22                        _edata = .

.sdata          0x00400d22        0x2
 .sdata         0x00400d22        0x2 builds/build0/main.o
                0x00400d22                current_y
                0x00400d23                current_x
                0x00400d24                        . = ALIGN (0x4)

.bss            0x00400d24       0xc8
                0x00400d24                        _sbss = .
 *(.bss COMMON)
 .bss           0x00400d24        0x0 builds/build0/startup.o
 .bss           0x00400d24       0xc8 builds/build0/main.o
                0x00400d24                positions
 .bss           0x00400dec        0x0 builds/build0/riscYstdio.o
                0x00400dec                        _ebss = .
                0x00400dec                        . = ALIGN (0x4)
                0x00402000                        _stack_end = (ORIGIN (RAM) + LENGTH (RAM))
                0x00401c00                        _stack_top = (_stack_end - _stack_size)
                0x00401800                        _stack_bottom = (_stack_top - _stack_size)
OUTPUT(builds/build0/program.elf elf32-littleriscv)

.sbss           0x00400dec        0x2
 .sbss          0x00400dec        0x2 builds/build0/riscYstdio.o
                0x00400dec                screenPos

.riscv.attributes
                0x00000000       0x1c
 .riscv.attributes
                0x00000000       0x1a builds/build0/startup.o
 .riscv.attributes
                0x0000001a       0x1c builds/build0/main.o
 .riscv.attributes
                0x00000036       0x1c builds/build0/riscYstdio.o

.comment        0x00000000       0x1b
 .comment       0x00000000       0x1b builds/build0/main.o
                                 0x1c (size before relaxing)
 .comment       0x0000001b       0x1c builds/build0/riscYstdio.o
