
There are no discarded input sections

Memory Configuration

Name             Origin             Length             Attributes
RAM              0x00000000         0x00001000         xw
*default*        0x00000000         0xffffffff

Linker script and memory map

LOAD builds/build0/startup.o
LOAD builds/build0/main.o
LOAD builds/build0/riscYstdio.o
                0x00000800                        _stack_size = 0x800
                0x00000000                        . = ORIGIN (RAM)

.text           0x00000000      0xaa0
 *(.text)
 .text          0x00000000      0x114 builds/build0/startup.o
                0x00000000                _start
                0x00000078                trap_vector
 .text          0x00000114      0x220 builds/build0/main.o
                0x00000114                set_timer_interrupt
                0x00000140                c_trap_handler
                0x00000234                getUSBint
                0x00000240                USBParser
 .text          0x00000334      0x684 builds/build0/riscYstdio.o
                0x00000334                memcpy
                0x00000358                memset
                0x00000374                getButtonDown
                0x00000380                getButtonUp
                0x0000038c                getButtonLeft
                0x00000398                getButtonRight
                0x000003a4                putch
                0x000003d4                printString
                0x00000494                printHex
                0x00000534                printDec
                0x0000062c                printf
                0x000007c8                printfSCR
                0x00000960                clearScreen
                0x000009ac                resetScreenVector
 *(.rodata)
 .rodata        0x000009b8       0xd4 builds/build0/main.o
 .rodata        0x00000a8c       0x14 builds/build0/riscYstdio.o
                0x00000aa0                        _etext = .

.text.startup   0x00000aa0       0x44
 .text.startup  0x00000aa0       0x44 builds/build0/main.o
                0x00000aa0                main

.rodata.str1.4  0x00000ae4       0xca
 .rodata.str1.4
                0x00000ae4       0xca builds/build0/main.o
                                 0xb0 (size before relaxing)
 .rodata.str1.4
                0x00000bae       0x1a builds/build0/riscYstdio.o

.rela.dyn       0x00000bb0        0x0
 .rela.text     0x00000bb0        0x0 builds/build0/startup.o
                0x00000bb0                        . = ALIGN (0x4)

.data           0x00000bae        0x0 load address 0x00000aa0
                0x00000bae                        _sdata = .
 *(.data)
 .data          0x00000bae        0x0 builds/build0/startup.o
 .data          0x00000bae        0x0 builds/build0/main.o
 .data          0x00000bae        0x0 builds/build0/riscYstdio.o
                0x00000bae                        _edata = .
                0x00000bb0                        . = ALIGN (0x4)

.bss            0x00000bae        0x0
                0x00000bae                        _sbss = .
 *(.bss COMMON)
 .bss           0x00000bae        0x0 builds/build0/startup.o
 .bss           0x00000bae        0x0 builds/build0/main.o
 .bss           0x00000bae        0x0 builds/build0/riscYstdio.o
                0x00000bae                        _ebss = .
                0x00000bb0                        . = ALIGN (0x4)
                0x00001000                        _stack_end = (ORIGIN (RAM) + LENGTH (RAM))
                0x00001000                        _stack_top = _stack_end
                0x00000800                        _stack_bottom = (_stack_top - _stack_size)
OUTPUT(builds/build0/program.elf elf32-littleriscv)

.sbss           0x00000bb0        0x6
 .sbss          0x00000bb0        0x4 builds/build0/main.o
                0x00000bb0                intCount
 .sbss          0x00000bb4        0x2 builds/build0/riscYstdio.o
                0x00000bb4                screenPos

.riscv.attributes
                0x00000000       0x29
 .riscv.attributes
                0x00000000       0x27 builds/build0/startup.o
 .riscv.attributes
                0x00000027       0x25 builds/build0/main.o
 .riscv.attributes
                0x0000004c       0x25 builds/build0/riscYstdio.o

.comment        0x00000000       0x19
 .comment       0x00000000       0x19 builds/build0/main.o
                                 0x1a (size before relaxing)
 .comment       0x00000019       0x1a builds/build0/riscYstdio.o

.note.GNU-stack
                0x00000000        0x0
 .note.GNU-stack
                0x00000000        0x0 builds/build0/main.o
 .note.GNU-stack
                0x00000000        0x0 builds/build0/riscYstdio.o
