
There are no discarded input sections

Memory Configuration

Name             Origin             Length             Attributes
RAM              0x00400000         0x00004000         xw
*default*        0x00000000         0xffffffff

Linker script and memory map

LOAD builds/build0/startup.o
LOAD builds/build0/main.o
LOAD builds/build0/riscYstdio.o
                0x00000800                        _stack_size = 0x800
                0x00400000                        . = ORIGIN (RAM)

.text           0x00400000      0xb44
 *(.text)
 .text          0x00400000      0x190 builds/build0/startup.o
                0x00400000                _start
                0x00400078                trap_vector
 .text          0x00400190      0x248 builds/build0/main.o
                0x00400190                set_timer_interrupt
                0x004001bc                c_trap_handler
                0x004002d8                getUSBint
                0x004002e4                USBParser
 .text          0x004003d8      0x684 builds/build0/riscYstdio.o
                0x004003d8                memcpy
                0x004003fc                memset
                0x00400418                getButtonDown
                0x00400424                getButtonUp
                0x00400430                getButtonLeft
                0x0040043c                getButtonRight
                0x00400448                putch
                0x00400478                printString
                0x00400538                printHex
                0x004005d8                printDec
                0x004006d0                printf
                0x0040086c                printfSCR
                0x00400a04                clearScreen
                0x00400a50                resetScreenVector
 *(.rodata)
 .rodata        0x00400a5c       0xd4 builds/build0/main.o
 .rodata        0x00400b30       0x14 builds/build0/riscYstdio.o
                0x00400b44                        _etext = .

.text.startup   0x00400b44       0x48
 .text.startup  0x00400b44       0x48 builds/build0/main.o
                0x00400b44                main

.rodata.str1.4  0x00400b8c       0xee
 .rodata.str1.4
                0x00400b8c       0xee builds/build0/main.o
                                 0xd4 (size before relaxing)
 .rodata.str1.4
                0x00400c7a       0x1a builds/build0/riscYstdio.o

.rela.dyn       0x00400c7c        0x0
 .rela.text     0x00400c7c        0x0 builds/build0/startup.o
                0x00400c7c                        . = ALIGN (0x4)

.data           0x00400c7a        0x0 load address 0x00400b44
                0x00400c7a                        _sdata = .
 *(.data)
 .data          0x00400c7a        0x0 builds/build0/startup.o
 .data          0x00400c7a        0x0 builds/build0/main.o
 .data          0x00400c7a        0x0 builds/build0/riscYstdio.o
                0x00400c7a                        _edata = .
                0x00400c7c                        . = ALIGN (0x4)

.bss            0x00400c7a        0x0
                0x00400c7a                        _sbss = .
 *(.bss COMMON)
 .bss           0x00400c7a        0x0 builds/build0/startup.o
 .bss           0x00400c7a        0x0 builds/build0/main.o
 .bss           0x00400c7a        0x0 builds/build0/riscYstdio.o
                0x00400c7a                        _ebss = .
                0x00400c7c                        . = ALIGN (0x4)
                0x00404000                        _stack_end = (ORIGIN (RAM) + LENGTH (RAM))
                0x00404000                        _stack_top = _stack_end
                0x00403800                        _stack_bottom = (_stack_top - _stack_size)
OUTPUT(builds/build0/program.elf elf32-littleriscv)

.sbss           0x00400c7c        0x6
 .sbss          0x00400c7c        0x4 builds/build0/main.o
                0x00400c7c                intCount
 .sbss          0x00400c80        0x2 builds/build0/riscYstdio.o
                0x00400c80                screenPos

.riscv.attributes
                0x00000000       0x29
 .riscv.attributes
                0x00000000       0x27 builds/build0/startup.o
 .riscv.attributes
                0x00000027       0x25 builds/build0/main.o
 .riscv.attributes
                0x0000004c       0x25 builds/build0/riscYstdio.o

.comment        0x00000000       0x19
 .comment       0x00000000       0x19 builds/build0/main.o
                                 0x1a (size before relaxing)
 .comment       0x00000019       0x1a builds/build0/riscYstdio.o

.note.GNU-stack
                0x00000000        0x0
 .note.GNU-stack
                0x00000000        0x0 builds/build0/main.o
 .note.GNU-stack
                0x00000000        0x0 builds/build0/riscYstdio.o
