
There are no discarded input sections

Memory Configuration

Name             Origin             Length             Attributes
RAM              0x00400000         0x00002000         xw
*default*        0x00000000         0xffffffff

Linker script and memory map

LOAD builds/build2/startup.o
LOAD builds/build2/main.o
LOAD builds/build2/riscYstdio.o
                0x00000600                        _stack_size = 0x600
                0x00400000                        . = ORIGIN (RAM)

.text           0x00400000      0x718
 *(.text)
 .text          0x00400000       0x1c builds/build2/startup.o
                0x00400000                _start
 .text          0x0040001c       0x64 builds/build2/main.o
                0x0040001c                writeRam
                0x0040004c                readRam
 .text          0x00400080      0x684 builds/build2/riscYstdio.o
                0x00400080                memcpy
                0x004000a4                memset
                0x004000c0                getButtonDown
                0x004000cc                getButtonUp
                0x004000d8                getButtonLeft
                0x004000e4                getButtonRight
                0x004000f0                putch
                0x00400120                printString
                0x004001e0                printHex
                0x00400280                printDec
                0x00400378                printf
                0x00400514                printfSCR
                0x004006ac                clearScreen
                0x004006f8                resetScreenVector
 *(.rodata)
 .rodata        0x00400704       0x14 builds/build2/riscYstdio.o
                0x00400718                        _etext = .

.text.startup   0x00400718       0x88
 .text.startup  0x00400718       0x88 builds/build2/main.o
                0x00400718                main

.rodata.str1.4  0x004007a0       0x42
 .rodata.str1.4
                0x004007a0       0x42 builds/build2/main.o
                                 0x25 (size before relaxing)
 .rodata.str1.4
                0x004007e2       0x1a builds/build2/riscYstdio.o

.rela.dyn       0x004007e4        0x0
 .rela.text     0x004007e4        0x0 builds/build2/startup.o
                0x004007e4                        . = ALIGN (0x4)

.data           0x004007e2        0x0 load address 0x00400718
                0x004007e2                        _sdata = .
 *(.data)
 .data          0x004007e2        0x0 builds/build2/startup.o
 .data          0x004007e2        0x0 builds/build2/main.o
 .data          0x004007e2        0x0 builds/build2/riscYstdio.o
                0x004007e2                        _edata = .
                0x004007e4                        . = ALIGN (0x4)

.bss            0x004007e2        0x0
                0x004007e2                        _sbss = .
 *(.bss COMMON)
 .bss           0x004007e2        0x0 builds/build2/startup.o
 .bss           0x004007e2        0x0 builds/build2/main.o
 .bss           0x004007e2        0x0 builds/build2/riscYstdio.o
                0x004007e2                        _ebss = .
                0x004007e4                        . = ALIGN (0x4)
                0x00402000                        _stack_end = (ORIGIN (RAM) + LENGTH (RAM))
                0x00401a00                        _stack_top = (_stack_end - _stack_size)
                0x00401400                        _stack_bottom = (_stack_top - _stack_size)
OUTPUT(builds/build2/program.elf elf32-littleriscv)

.sbss           0x004007e2        0x2
 .sbss          0x004007e2        0x2 builds/build2/riscYstdio.o
                0x004007e2                screenPos

.riscv.attributes
                0x00000000       0x1c
 .riscv.attributes
                0x00000000       0x1a builds/build2/startup.o
 .riscv.attributes
                0x0000001a       0x1c builds/build2/main.o
 .riscv.attributes
                0x00000036       0x1c builds/build2/riscYstdio.o

.comment        0x00000000       0x1b
 .comment       0x00000000       0x1b builds/build2/main.o
                                 0x1c (size before relaxing)
 .comment       0x0000001b       0x1c builds/build2/riscYstdio.o

.note.GNU-stack
                0x00000000        0x0
 .note.GNU-stack
                0x00000000        0x0 builds/build2/main.o
 .note.GNU-stack
                0x00000000        0x0 builds/build2/riscYstdio.o
