
There are no discarded input sections

Memory Configuration

Name             Origin             Length             Attributes
RAM              0x00400000         0x00004000         xw
*default*        0x00000000         0xffffffff

Linker script and memory map

LOAD builds/build14/startup.o
LOAD builds/build14/main.o
LOAD builds/build14/riscYstdio.o
                0x00000800                        _stack_size = 0x800
                0x00400000                        . = ORIGIN (RAM)

.text           0x00400000      0xb3c
 *(.text)
 .text          0x00400000      0x18c builds/build14/startup.o
                0x00400000                _start
                0x00400078                trap_vector
 .text          0x0040018c      0x244 builds/build14/main.o
                0x0040018c                set_timer_interrupt
                0x004001b8                c_trap_handler
                0x004002d0                getUSBint
                0x004002dc                USBParser
 .text          0x004003d0      0x684 builds/build14/riscYstdio.o
                0x004003d0                memcpy
                0x004003f4                memset
                0x00400410                getButtonDown
                0x0040041c                getButtonUp
                0x00400428                getButtonLeft
                0x00400434                getButtonRight
                0x00400440                putch
                0x00400470                printString
                0x00400530                printHex
                0x004005d0                printDec
                0x004006c8                printf
                0x00400864                printfSCR
                0x004009fc                clearScreen
                0x00400a48                resetScreenVector
 *(.rodata)
 .rodata        0x00400a54       0xd4 builds/build14/main.o
 .rodata        0x00400b28       0x14 builds/build14/riscYstdio.o
                0x00400b3c                        _etext = .

.text.startup   0x00400b3c       0x44
 .text.startup  0x00400b3c       0x44 builds/build14/main.o
                0x00400b3c                main

.rodata.str1.4  0x00400b80       0xee
 .rodata.str1.4
                0x00400b80       0xee builds/build14/main.o
                                 0xd4 (size before relaxing)
 .rodata.str1.4
                0x00400c6e       0x1a builds/build14/riscYstdio.o

.rela.dyn       0x00400c70        0x0
 .rela.text     0x00400c70        0x0 builds/build14/startup.o
                0x00400c70                        . = ALIGN (0x4)

.data           0x00400c6e        0x0 load address 0x00400b3c
                0x00400c6e                        _sdata = .
 *(.data)
 .data          0x00400c6e        0x0 builds/build14/startup.o
 .data          0x00400c6e        0x0 builds/build14/main.o
 .data          0x00400c6e        0x0 builds/build14/riscYstdio.o
                0x00400c6e                        _edata = .
                0x00400c70                        . = ALIGN (0x4)

.bss            0x00400c6e        0x0
                0x00400c6e                        _sbss = .
 *(.bss COMMON)
 .bss           0x00400c6e        0x0 builds/build14/startup.o
 .bss           0x00400c6e        0x0 builds/build14/main.o
 .bss           0x00400c6e        0x0 builds/build14/riscYstdio.o
                0x00400c6e                        _ebss = .
                0x00400c70                        . = ALIGN (0x4)
                0x00404000                        _stack_end = (ORIGIN (RAM) + LENGTH (RAM))
                0x00404000                        _stack_top = _stack_end
                0x00403800                        _stack_bottom = (_stack_top - _stack_size)
OUTPUT(builds/build14/program.elf elf32-littleriscv)

.sbss           0x00400c70        0x6
 .sbss          0x00400c70        0x4 builds/build14/main.o
                0x00400c70                intCount
 .sbss          0x00400c74        0x2 builds/build14/riscYstdio.o
                0x00400c74                screenPos

.riscv.attributes
                0x00000000       0x29
 .riscv.attributes
                0x00000000       0x27 builds/build14/startup.o
 .riscv.attributes
                0x00000027       0x25 builds/build14/main.o
 .riscv.attributes
                0x0000004c       0x25 builds/build14/riscYstdio.o

.comment        0x00000000       0x19
 .comment       0x00000000       0x19 builds/build14/main.o
                                 0x1a (size before relaxing)
 .comment       0x00000019       0x1a builds/build14/riscYstdio.o

.note.GNU-stack
                0x00000000        0x0
 .note.GNU-stack
                0x00000000        0x0 builds/build14/main.o
 .note.GNU-stack
                0x00000000        0x0 builds/build14/riscYstdio.o
