
There are no discarded input sections

Memory Configuration

Name             Origin             Length             Attributes
RAM              0x00400000         0x00004000         xw
*default*        0x00000000         0xffffffff

Linker script and memory map

LOAD builds/build11/startup.o
LOAD builds/build11/main.o
LOAD builds/build11/riscYstdio.o
                0x00000800                        _stack_size = 0x800
                0x00400000                        . = ORIGIN (RAM)

.text           0x00400000      0xb40
 *(.text)
 .text          0x00400000      0x18c builds/build11/startup.o
                0x00400000                _start
                0x00400078                trap_vector
 .text          0x0040018c      0x248 builds/build11/main.o
                0x0040018c                set_timer_interrupt
                0x004001b8                c_trap_handler
                0x004002d4                getUSBint
                0x004002e0                USBParser
 .text          0x004003d4      0x684 builds/build11/riscYstdio.o
                0x004003d4                memcpy
                0x004003f8                memset
                0x00400414                getButtonDown
                0x00400420                getButtonUp
                0x0040042c                getButtonLeft
                0x00400438                getButtonRight
                0x00400444                putch
                0x00400474                printString
                0x00400534                printHex
                0x004005d4                printDec
                0x004006cc                printf
                0x00400868                printfSCR
                0x00400a00                clearScreen
                0x00400a4c                resetScreenVector
 *(.rodata)
 .rodata        0x00400a58       0xd4 builds/build11/main.o
 .rodata        0x00400b2c       0x14 builds/build11/riscYstdio.o
                0x00400b40                        _etext = .

.text.startup   0x00400b40       0x60
 .text.startup  0x00400b40       0x60 builds/build11/main.o
                0x00400b40                main

.rodata.str1.4  0x00400ba0       0xee
 .rodata.str1.4
                0x00400ba0       0xee builds/build11/main.o
                                 0xd4 (size before relaxing)
 .rodata.str1.4
                0x00400c8e       0x1a builds/build11/riscYstdio.o

.rela.dyn       0x00400c90        0x0
 .rela.text     0x00400c90        0x0 builds/build11/startup.o
                0x00400c90                        . = ALIGN (0x4)

.data           0x00400c8e        0x0 load address 0x00400b40
                0x00400c8e                        _sdata = .
 *(.data)
 .data          0x00400c8e        0x0 builds/build11/startup.o
 .data          0x00400c8e        0x0 builds/build11/main.o
 .data          0x00400c8e        0x0 builds/build11/riscYstdio.o
                0x00400c8e                        _edata = .
                0x00400c90                        . = ALIGN (0x4)

.bss            0x00400c8e        0x0
                0x00400c8e                        _sbss = .
 *(.bss COMMON)
 .bss           0x00400c8e        0x0 builds/build11/startup.o
 .bss           0x00400c8e        0x0 builds/build11/main.o
 .bss           0x00400c8e        0x0 builds/build11/riscYstdio.o
                0x00400c8e                        _ebss = .
                0x00400c90                        . = ALIGN (0x4)
                0x00404000                        _stack_end = (ORIGIN (RAM) + LENGTH (RAM))
                0x00404000                        _stack_top = _stack_end
                0x00403800                        _stack_bottom = (_stack_top - _stack_size)
OUTPUT(builds/build11/program.elf elf32-littleriscv)

.sbss           0x00400c90        0x6
 .sbss          0x00400c90        0x4 builds/build11/main.o
                0x00400c90                intCount
 .sbss          0x00400c94        0x2 builds/build11/riscYstdio.o
                0x00400c94                screenPos

.riscv.attributes
                0x00000000       0x29
 .riscv.attributes
                0x00000000       0x27 builds/build11/startup.o
 .riscv.attributes
                0x00000027       0x25 builds/build11/main.o
 .riscv.attributes
                0x0000004c       0x25 builds/build11/riscYstdio.o

.comment        0x00000000       0x19
 .comment       0x00000000       0x19 builds/build11/main.o
                                 0x1a (size before relaxing)
 .comment       0x00000019       0x1a builds/build11/riscYstdio.o

.note.GNU-stack
                0x00000000        0x0
 .note.GNU-stack
                0x00000000        0x0 builds/build11/main.o
 .note.GNU-stack
                0x00000000        0x0 builds/build11/riscYstdio.o
