Archive member included to satisfy reference by file (symbol)

/usr/lib/gcc/riscv64-elf/14.1.0/../../../../riscv64-elf/lib/rv32i/ilp32/libm.a(libm_a-sf_cos.o)
                              builds/build0/main.o (cosf)
/usr/lib/gcc/riscv64-elf/14.1.0/../../../../riscv64-elf/lib/rv32i/ilp32/libm.a(libm_a-sf_sin.o)
                              builds/build0/main.o (sinf)
/usr/lib/gcc/riscv64-elf/14.1.0/../../../../riscv64-elf/lib/rv32i/ilp32/libm.a(libm_a-kf_cos.o)
                              /usr/lib/gcc/riscv64-elf/14.1.0/../../../../riscv64-elf/lib/rv32i/ilp32/libm.a(libm_a-sf_cos.o) (__kernel_cosf)
/usr/lib/gcc/riscv64-elf/14.1.0/../../../../riscv64-elf/lib/rv32i/ilp32/libm.a(libm_a-kf_sin.o)
                              /usr/lib/gcc/riscv64-elf/14.1.0/../../../../riscv64-elf/lib/rv32i/ilp32/libm.a(libm_a-sf_cos.o) (__kernel_sinf)
/usr/lib/gcc/riscv64-elf/14.1.0/../../../../riscv64-elf/lib/rv32i/ilp32/libm.a(libm_a-ef_rem_pio2.o)
                              /usr/lib/gcc/riscv64-elf/14.1.0/../../../../riscv64-elf/lib/rv32i/ilp32/libm.a(libm_a-sf_cos.o) (__ieee754_rem_pio2f)
/usr/lib/gcc/riscv64-elf/14.1.0/../../../../riscv64-elf/lib/rv32i/ilp32/libm.a(libm_a-sf_fabs.o)
                              /usr/lib/gcc/riscv64-elf/14.1.0/../../../../riscv64-elf/lib/rv32i/ilp32/libm.a(libm_a-ef_rem_pio2.o) (fabsf)
/usr/lib/gcc/riscv64-elf/14.1.0/../../../../riscv64-elf/lib/rv32i/ilp32/libm.a(libm_a-kf_rem_pio2.o)
                              /usr/lib/gcc/riscv64-elf/14.1.0/../../../../riscv64-elf/lib/rv32i/ilp32/libm.a(libm_a-ef_rem_pio2.o) (__kernel_rem_pio2f)
/usr/lib/gcc/riscv64-elf/14.1.0/../../../../riscv64-elf/lib/rv32i/ilp32/libm.a(libm_a-sf_floor.o)
                              /usr/lib/gcc/riscv64-elf/14.1.0/../../../../riscv64-elf/lib/rv32i/ilp32/libm.a(libm_a-kf_rem_pio2.o) (floorf)
/usr/lib/gcc/riscv64-elf/14.1.0/../../../../riscv64-elf/lib/rv32i/ilp32/libm.a(libm_a-sf_scalbn.o)
                              /usr/lib/gcc/riscv64-elf/14.1.0/../../../../riscv64-elf/lib/rv32i/ilp32/libm.a(libm_a-kf_rem_pio2.o) (scalbnf)
/usr/lib/gcc/riscv64-elf/14.1.0/rv32i/ilp32/libgcc.a(_divdi3.o)
                              builds/build0/main.o (__divdi3)
/usr/lib/gcc/riscv64-elf/14.1.0/rv32i/ilp32/libgcc.a(_udivdi3.o)
                              builds/build0/tinyprintf.o (__udivdi3)
/usr/lib/gcc/riscv64-elf/14.1.0/rv32i/ilp32/libgcc.a(_umoddi3.o)
                              builds/build0/tinyprintf.o (__umoddi3)
/usr/lib/gcc/riscv64-elf/14.1.0/rv32i/ilp32/libgcc.a(addsf3.o)
                              builds/build0/main.o (__addsf3)
/usr/lib/gcc/riscv64-elf/14.1.0/rv32i/ilp32/libgcc.a(divsf3.o)
                              builds/build0/main.o (__divsf3)
/usr/lib/gcc/riscv64-elf/14.1.0/rv32i/ilp32/libgcc.a(eqsf2.o)
                              /usr/lib/gcc/riscv64-elf/14.1.0/../../../../riscv64-elf/lib/rv32i/ilp32/libm.a(libm_a-ef_rem_pio2.o) (__eqsf2)
/usr/lib/gcc/riscv64-elf/14.1.0/rv32i/ilp32/libgcc.a(gesf2.o)
                              /usr/lib/gcc/riscv64-elf/14.1.0/../../../../riscv64-elf/lib/rv32i/ilp32/libm.a(libm_a-kf_rem_pio2.o) (__gesf2)
/usr/lib/gcc/riscv64-elf/14.1.0/rv32i/ilp32/libgcc.a(mulsf3.o)
                              builds/build0/main.o (__mulsf3)
/usr/lib/gcc/riscv64-elf/14.1.0/rv32i/ilp32/libgcc.a(subsf3.o)
                              builds/build0/main.o (__subsf3)
/usr/lib/gcc/riscv64-elf/14.1.0/rv32i/ilp32/libgcc.a(fixsfsi.o)
                              builds/build0/main.o (__fixsfsi)
/usr/lib/gcc/riscv64-elf/14.1.0/rv32i/ilp32/libgcc.a(floatsisf.o)
                              builds/build0/main.o (__floatsisf)
/usr/lib/gcc/riscv64-elf/14.1.0/rv32i/ilp32/libgcc.a(muldi3.o)
                              /usr/lib/gcc/riscv64-elf/14.1.0/rv32i/ilp32/libgcc.a(_divdi3.o) (__mulsi3)
/usr/lib/gcc/riscv64-elf/14.1.0/rv32i/ilp32/libgcc.a(multi3.o)
                              builds/build0/main.o (__muldi3)
/usr/lib/gcc/riscv64-elf/14.1.0/rv32i/ilp32/libgcc.a(div.o)
                              builds/build0/riscYstdio.o (__udivsi3)
/usr/lib/gcc/riscv64-elf/14.1.0/rv32i/ilp32/libgcc.a(_clz.o)
                              /usr/lib/gcc/riscv64-elf/14.1.0/rv32i/ilp32/libgcc.a(_divdi3.o) (__clz_tab)
/usr/lib/gcc/riscv64-elf/14.1.0/rv32i/ilp32/libgcc.a(_clzsi2.o)
                              /usr/lib/gcc/riscv64-elf/14.1.0/rv32i/ilp32/libgcc.a(addsf3.o) (__clzsi2)

There are no discarded input sections

Memory Configuration

Name             Origin             Length             Attributes
RAM              0x80000000         0x00400000         xw
*default*        0x00000000         0xffffffff

Linker script and memory map

LOAD builds/build0/startup.o
LOAD builds/build0/main.o
LOAD builds/build0/riscYstdio.o
LOAD builds/build0/tinyprintf.o
LOAD /usr/lib/gcc/riscv64-elf/14.1.0/../../../../riscv64-elf/lib/rv32i/ilp32/libstdc++.a
LOAD /usr/lib/gcc/riscv64-elf/14.1.0/../../../../riscv64-elf/lib/rv32i/ilp32/libm.a
LOAD /usr/lib/gcc/riscv64-elf/14.1.0/rv32i/ilp32/libgcc.a
START GROUP
LOAD /usr/lib/gcc/riscv64-elf/14.1.0/../../../../riscv64-elf/lib/rv32i/ilp32/libc.a
LOAD /usr/lib/gcc/riscv64-elf/14.1.0/../../../../riscv64-elf/lib/rv32i/ilp32/libgloss.a
END GROUP
LOAD /usr/lib/gcc/riscv64-elf/14.1.0/rv32i/ilp32/libgcc.a
                0x00008000                        _stack_size = 0x8000
                0x80000000                        . = ORIGIN (RAM)

.text           0x80000000     0xae14
 *(.text .text.*)
 .text          0x80000000       0x98 builds/build0/startup.o
                0x80000000                _start
 .text          0x80000098     0x1100 builds/build0/main.o
                0x800000a0                rotateY(Vec3<float> const&, float)
                0x8000017c                rotateX(Vec3<float> const&, float)
                0x80000250                rotateZ(Vec3<float> const&, float)
                0x8000032c                draw_pixel(unsigned short*, int, int, color)
                0x800003a0                draw_pixel_double(unsigned short*, int, int, color)
                0x80000428                clear_screen(unsigned short*, color)
                0x800004a8                draw_line(unsigned short*, int, int, int, int, unsigned char, unsigned char, unsigned char)
                0x80000584                triangle(unsigned short*, Vec2<int>, Vec2<int>, Vec2<int>, color)
                0x800009fc                triangle_wireframe(unsigned short*, Vec2<int>, Vec2<int>, Vec2<int>, color)
                0x80000ae4                switch_frame_buffer()
                0x80000b48                cross_product_fixed(triangle3f)
                0x80000d00                normalize_fixed(Vec3fixed)
 .text.startup  0x80001198     0x1714 builds/build0/main.o
                0x80001198                main
 .text          0x800028ac     0x29c4 builds/build0/riscYstdio.o
                0x800028ac                uart_read_byte()
                0x800028cc                vOutNS16550(unsigned char)
                0x800028ec                get_time()
                0x800028f8                getButton(char)
                0x80002908                getButtonDown()
                0x80002914                getButtonUp()
                0x80002920                getButtonLeft()
                0x8000292c                getButtonRight()
                0x80002938                putch(int, char, char)
                0x80002988                printString(int, char*, char)
                0x80002aac                printHex(int, int, char)
                0x80002cac                printDec(int, int, char)
                0x800032f0                printf(char const*, ...)
                0x80003848                printfSCR(int, char, char const*, ...)
                0x80003db4                uart_printf(char const*, ...)
                0x800041b0                clearScreen()
                0x800041dc                resetScreenVector()
                0x800041e8                readFlash(unsigned int)
                0x80004294                getFileStartAddressByName(char const*, unsigned long*, unsigned long*)
                0x80004518                riscy_fopen(char const*)
                0x800046f0                riscy_fread(short, void*, unsigned long)
                0x80004958                riscy_fgetc(short)
                0x80004a7c                riscy_fclose(short)
                0x80004b48                riscy_heap_init()
                0x80004b88                riscy_malloc(unsigned int)
                0x80004c40                riscy_fseek(short, long, int)
                0x80004e58                riscy_ftell(short)
                0x80004f34                riscy_feof(short)
                0x8000501c                riscy_list_files()
                0x80005264                riscy_rewind(short)
 .text          0x80005270     0x16f4 builds/build0/tinyprintf.o
                0x800056e0                tfp_format
                0x800068f8                init_printf
                0x8000690c                tfp_printf
 .text          0x80006964        0x0 /usr/lib/gcc/riscv64-elf/14.1.0/../../../../riscv64-elf/lib/rv32i/ilp32/libm.a(libm_a-sf_cos.o)
 .text.cosf     0x80006964       0xac /usr/lib/gcc/riscv64-elf/14.1.0/../../../../riscv64-elf/lib/rv32i/ilp32/libm.a(libm_a-sf_cos.o)
                0x80006964                cosf
 .text          0x80006a10        0x0 /usr/lib/gcc/riscv64-elf/14.1.0/../../../../riscv64-elf/lib/rv32i/ilp32/libm.a(libm_a-sf_sin.o)
 .text.sinf     0x80006a10       0xac /usr/lib/gcc/riscv64-elf/14.1.0/../../../../riscv64-elf/lib/rv32i/ilp32/libm.a(libm_a-sf_sin.o)
                0x80006a10                sinf
 .text          0x80006abc        0x0 /usr/lib/gcc/riscv64-elf/14.1.0/../../../../riscv64-elf/lib/rv32i/ilp32/libm.a(libm_a-kf_cos.o)
 .text.__kernel_cosf
                0x80006abc      0x2b0 /usr/lib/gcc/riscv64-elf/14.1.0/../../../../riscv64-elf/lib/rv32i/ilp32/libm.a(libm_a-kf_cos.o)
                0x80006abc                __kernel_cosf
 .text          0x80006d6c        0x0 /usr/lib/gcc/riscv64-elf/14.1.0/../../../../riscv64-elf/lib/rv32i/ilp32/libm.a(libm_a-kf_sin.o)
 .text.__kernel_sinf
                0x80006d6c      0x1a8 /usr/lib/gcc/riscv64-elf/14.1.0/../../../../riscv64-elf/lib/rv32i/ilp32/libm.a(libm_a-kf_sin.o)
                0x80006d6c                __kernel_sinf
 .text          0x80006f14        0x0 /usr/lib/gcc/riscv64-elf/14.1.0/../../../../riscv64-elf/lib/rv32i/ilp32/libm.a(libm_a-ef_rem_pio2.o)
 .text.__ieee754_rem_pio2f
                0x80006f14      0x50c /usr/lib/gcc/riscv64-elf/14.1.0/../../../../riscv64-elf/lib/rv32i/ilp32/libm.a(libm_a-ef_rem_pio2.o)
                0x80006f14                __ieee754_rem_pio2f
 .text          0x80007420        0x0 /usr/lib/gcc/riscv64-elf/14.1.0/../../../../riscv64-elf/lib/rv32i/ilp32/libm.a(libm_a-sf_fabs.o)
 .text.fabsf    0x80007420        0xc /usr/lib/gcc/riscv64-elf/14.1.0/../../../../riscv64-elf/lib/rv32i/ilp32/libm.a(libm_a-sf_fabs.o)
                0x80007420                fabsf
 .text          0x8000742c        0x0 /usr/lib/gcc/riscv64-elf/14.1.0/../../../../riscv64-elf/lib/rv32i/ilp32/libm.a(libm_a-kf_rem_pio2.o)
 .text.__kernel_rem_pio2f
                0x8000742c      0xabc /usr/lib/gcc/riscv64-elf/14.1.0/../../../../riscv64-elf/lib/rv32i/ilp32/libm.a(libm_a-kf_rem_pio2.o)
                0x8000742c                __kernel_rem_pio2f
 .text          0x80007ee8        0x0 /usr/lib/gcc/riscv64-elf/14.1.0/../../../../riscv64-elf/lib/rv32i/ilp32/libm.a(libm_a-sf_floor.o)
 .text.floorf   0x80007ee8      0x16c /usr/lib/gcc/riscv64-elf/14.1.0/../../../../riscv64-elf/lib/rv32i/ilp32/libm.a(libm_a-sf_floor.o)
                0x80007ee8                floorf
 .text          0x80008054        0x0 /usr/lib/gcc/riscv64-elf/14.1.0/../../../../riscv64-elf/lib/rv32i/ilp32/libm.a(libm_a-sf_scalbn.o)
 .text.scalbnf  0x80008054      0x164 /usr/lib/gcc/riscv64-elf/14.1.0/../../../../riscv64-elf/lib/rv32i/ilp32/libm.a(libm_a-sf_scalbn.o)
                0x80008054                scalbnf
 .text          0x800081b8        0x0 /usr/lib/gcc/riscv64-elf/14.1.0/rv32i/ilp32/libgcc.a(_divdi3.o)
 .text.__divdi3
                0x800081b8      0x610 /usr/lib/gcc/riscv64-elf/14.1.0/rv32i/ilp32/libgcc.a(_divdi3.o)
                0x800081b8                __divdi3
 .text          0x800087c8        0x0 /usr/lib/gcc/riscv64-elf/14.1.0/rv32i/ilp32/libgcc.a(_udivdi3.o)
 .text.__udivdi3
                0x800087c8      0x5c8 /usr/lib/gcc/riscv64-elf/14.1.0/rv32i/ilp32/libgcc.a(_udivdi3.o)
                0x800087c8                __udivdi3
 .text          0x80008d90        0x0 /usr/lib/gcc/riscv64-elf/14.1.0/rv32i/ilp32/libgcc.a(_umoddi3.o)
 .text.__umoddi3
                0x80008d90      0x4d0 /usr/lib/gcc/riscv64-elf/14.1.0/rv32i/ilp32/libgcc.a(_umoddi3.o)
                0x80008d90                __umoddi3
 .text          0x80009260        0x0 /usr/lib/gcc/riscv64-elf/14.1.0/rv32i/ilp32/libgcc.a(addsf3.o)
 .text.__addsf3
                0x80009260      0x430 /usr/lib/gcc/riscv64-elf/14.1.0/rv32i/ilp32/libgcc.a(addsf3.o)
                0x80009260                __addsf3
 .text          0x80009690        0x0 /usr/lib/gcc/riscv64-elf/14.1.0/rv32i/ilp32/libgcc.a(divsf3.o)
 .text.__divsf3
                0x80009690      0x374 /usr/lib/gcc/riscv64-elf/14.1.0/rv32i/ilp32/libgcc.a(divsf3.o)
                0x80009690                __divsf3
 .text          0x80009a04        0x0 /usr/lib/gcc/riscv64-elf/14.1.0/rv32i/ilp32/libgcc.a(eqsf2.o)
 .text.__eqsf2  0x80009a04       0x68 /usr/lib/gcc/riscv64-elf/14.1.0/rv32i/ilp32/libgcc.a(eqsf2.o)
                0x80009a04                __nesf2
                0x80009a04                __eqsf2
 .text          0x80009a6c        0x0 /usr/lib/gcc/riscv64-elf/14.1.0/rv32i/ilp32/libgcc.a(gesf2.o)
 .text.__gesf2  0x80009a6c       0xa0 /usr/lib/gcc/riscv64-elf/14.1.0/rv32i/ilp32/libgcc.a(gesf2.o)
                0x80009a6c                __gtsf2
                0x80009a6c                __gesf2
 .text          0x80009b0c        0x0 /usr/lib/gcc/riscv64-elf/14.1.0/rv32i/ilp32/libgcc.a(mulsf3.o)
 .text.__mulsf3
                0x80009b0c      0x34c /usr/lib/gcc/riscv64-elf/14.1.0/rv32i/ilp32/libgcc.a(mulsf3.o)
                0x80009b0c                __mulsf3
 .text          0x80009e58        0x0 /usr/lib/gcc/riscv64-elf/14.1.0/rv32i/ilp32/libgcc.a(subsf3.o)
 .text.__subsf3
                0x80009e58      0x440 /usr/lib/gcc/riscv64-elf/14.1.0/rv32i/ilp32/libgcc.a(subsf3.o)
                0x80009e58                __subsf3
 .text          0x8000a298        0x0 /usr/lib/gcc/riscv64-elf/14.1.0/rv32i/ilp32/libgcc.a(fixsfsi.o)
 .text.__fixsfsi
                0x8000a298       0x70 /usr/lib/gcc/riscv64-elf/14.1.0/rv32i/ilp32/libgcc.a(fixsfsi.o)
                0x8000a298                __fixsfsi
 .text          0x8000a308        0x0 /usr/lib/gcc/riscv64-elf/14.1.0/rv32i/ilp32/libgcc.a(floatsisf.o)
 .text.__floatsisf
                0x8000a308      0x110 /usr/lib/gcc/riscv64-elf/14.1.0/rv32i/ilp32/libgcc.a(floatsisf.o)
                0x8000a308                __floatsisf
 .text          0x8000a418       0x24 /usr/lib/gcc/riscv64-elf/14.1.0/rv32i/ilp32/libgcc.a(muldi3.o)
                0x8000a418                __mulsi3
 .text          0x8000a43c        0x0 /usr/lib/gcc/riscv64-elf/14.1.0/rv32i/ilp32/libgcc.a(multi3.o)
 .text.__muldi3
                0x8000a43c       0x8c /usr/lib/gcc/riscv64-elf/14.1.0/rv32i/ilp32/libgcc.a(multi3.o)
                0x8000a43c                __muldi3
 .text          0x8000a4c8       0xb4 /usr/lib/gcc/riscv64-elf/14.1.0/rv32i/ilp32/libgcc.a(div.o)
                0x8000a4c8                __divsi3
                0x8000a4d0                __hidden___udivsi3
                0x8000a4d0                __udivsi3
                0x8000a518                __umodsi3
                0x8000a54c                __modsi3
 .text          0x8000a57c        0x0 /usr/lib/gcc/riscv64-elf/14.1.0/rv32i/ilp32/libgcc.a(_clz.o)
 .text          0x8000a57c        0x0 /usr/lib/gcc/riscv64-elf/14.1.0/rv32i/ilp32/libgcc.a(_clzsi2.o)
 .text.__clzsi2
                0x8000a57c       0x4c /usr/lib/gcc/riscv64-elf/14.1.0/rv32i/ilp32/libgcc.a(_clzsi2.o)
                0x8000a57c                __clzsi2
 *(.rodata .rodata.*)
 .rodata.str1.4
                0x8000a5c8       0x67 builds/build0/main.o
 *fill*         0x8000a62f        0x1 
 .rodata        0x8000a630      0x251 builds/build0/riscYstdio.o
 *fill*         0x8000a881        0x3 
 .rodata        0x8000a884       0x84 builds/build0/tinyprintf.o
 .rodata.npio2_hw
                0x8000a908       0x80 /usr/lib/gcc/riscv64-elf/14.1.0/../../../../riscv64-elf/lib/rv32i/ilp32/libm.a(libm_a-ef_rem_pio2.o)
 .rodata.two_over_pi
                0x8000a988      0x318 /usr/lib/gcc/riscv64-elf/14.1.0/../../../../riscv64-elf/lib/rv32i/ilp32/libm.a(libm_a-ef_rem_pio2.o)
 .rodata.PIo2   0x8000aca0       0x2c /usr/lib/gcc/riscv64-elf/14.1.0/../../../../riscv64-elf/lib/rv32i/ilp32/libm.a(libm_a-kf_rem_pio2.o)
 .rodata.init_jk
                0x8000accc        0xc /usr/lib/gcc/riscv64-elf/14.1.0/../../../../riscv64-elf/lib/rv32i/ilp32/libm.a(libm_a-kf_rem_pio2.o)
 .rodata.__divsf3
                0x8000acd8       0x3c /usr/lib/gcc/riscv64-elf/14.1.0/rv32i/ilp32/libgcc.a(divsf3.o)
 .rodata.__clz_tab
                0x8000ad14      0x100 /usr/lib/gcc/riscv64-elf/14.1.0/rv32i/ilp32/libgcc.a(_clz.o)
                0x8000ad14                __clz_tab
                0x8000ae14                        _etext = .

.srodata.cst4   0x8000ae14       0xa8
 .srodata.cst4  0x8000ae14       0xa8 builds/build0/main.o
                                 0x24 (size before relaxing)
 .srodata.cst4  0x8000aebc       0x28 /usr/lib/gcc/riscv64-elf/14.1.0/../../../../riscv64-elf/lib/rv32i/ilp32/libm.a(libm_a-kf_cos.o)
 .srodata.cst4  0x8000aebc       0x1c /usr/lib/gcc/riscv64-elf/14.1.0/../../../../riscv64-elf/lib/rv32i/ilp32/libm.a(libm_a-kf_sin.o)
 .srodata.cst4  0x8000aebc       0x24 /usr/lib/gcc/riscv64-elf/14.1.0/../../../../riscv64-elf/lib/rv32i/ilp32/libm.a(libm_a-ef_rem_pio2.o)
 .srodata.cst4  0x8000aebc       0x1c /usr/lib/gcc/riscv64-elf/14.1.0/../../../../riscv64-elf/lib/rv32i/ilp32/libm.a(libm_a-kf_rem_pio2.o)
 .srodata.cst4  0x8000aebc        0xc /usr/lib/gcc/riscv64-elf/14.1.0/../../../../riscv64-elf/lib/rv32i/ilp32/libm.a(libm_a-sf_floor.o)
 .srodata.cst4  0x8000aebc       0x18 /usr/lib/gcc/riscv64-elf/14.1.0/../../../../riscv64-elf/lib/rv32i/ilp32/libm.a(libm_a-sf_scalbn.o)

.eh_frame       0x8000aebc      0x104
 .eh_frame      0x8000aebc       0x64 /usr/lib/gcc/riscv64-elf/14.1.0/rv32i/ilp32/libgcc.a(_divdi3.o)
 .eh_frame      0x8000af20       0x50 /usr/lib/gcc/riscv64-elf/14.1.0/rv32i/ilp32/libgcc.a(_udivdi3.o)
                                 0x64 (size before relaxing)
 .eh_frame      0x8000af70       0x50 /usr/lib/gcc/riscv64-elf/14.1.0/rv32i/ilp32/libgcc.a(_umoddi3.o)
                                 0x64 (size before relaxing)

.rela.dyn       0x8000afc0        0x0
 .rela.text     0x8000afc0        0x0 builds/build0/startup.o
                0x8000afc0                        . = ALIGN (0x4)

.data           0x8000afc0        0x0
                0x8000afc0                        _sdata = .
 *(.data .data.*)
 .data          0x8000afc0        0x0 builds/build0/startup.o
 .data          0x8000afc0        0x0 builds/build0/main.o
 .data          0x8000afc0        0x0 builds/build0/riscYstdio.o
 .data          0x8000afc0        0x0 builds/build0/tinyprintf.o
 .data          0x8000afc0        0x0 /usr/lib/gcc/riscv64-elf/14.1.0/../../../../riscv64-elf/lib/rv32i/ilp32/libm.a(libm_a-sf_cos.o)
 .data          0x8000afc0        0x0 /usr/lib/gcc/riscv64-elf/14.1.0/../../../../riscv64-elf/lib/rv32i/ilp32/libm.a(libm_a-sf_sin.o)
 .data          0x8000afc0        0x0 /usr/lib/gcc/riscv64-elf/14.1.0/../../../../riscv64-elf/lib/rv32i/ilp32/libm.a(libm_a-kf_cos.o)
 .data          0x8000afc0        0x0 /usr/lib/gcc/riscv64-elf/14.1.0/../../../../riscv64-elf/lib/rv32i/ilp32/libm.a(libm_a-kf_sin.o)
 .data          0x8000afc0        0x0 /usr/lib/gcc/riscv64-elf/14.1.0/../../../../riscv64-elf/lib/rv32i/ilp32/libm.a(libm_a-ef_rem_pio2.o)
 .data          0x8000afc0        0x0 /usr/lib/gcc/riscv64-elf/14.1.0/../../../../riscv64-elf/lib/rv32i/ilp32/libm.a(libm_a-sf_fabs.o)
 .data          0x8000afc0        0x0 /usr/lib/gcc/riscv64-elf/14.1.0/../../../../riscv64-elf/lib/rv32i/ilp32/libm.a(libm_a-kf_rem_pio2.o)
 .data          0x8000afc0        0x0 /usr/lib/gcc/riscv64-elf/14.1.0/../../../../riscv64-elf/lib/rv32i/ilp32/libm.a(libm_a-sf_floor.o)
 .data          0x8000afc0        0x0 /usr/lib/gcc/riscv64-elf/14.1.0/../../../../riscv64-elf/lib/rv32i/ilp32/libm.a(libm_a-sf_scalbn.o)
 .data          0x8000afc0        0x0 /usr/lib/gcc/riscv64-elf/14.1.0/rv32i/ilp32/libgcc.a(_divdi3.o)
 .data          0x8000afc0        0x0 /usr/lib/gcc/riscv64-elf/14.1.0/rv32i/ilp32/libgcc.a(_udivdi3.o)
 .data          0x8000afc0        0x0 /usr/lib/gcc/riscv64-elf/14.1.0/rv32i/ilp32/libgcc.a(_umoddi3.o)
 .data          0x8000afc0        0x0 /usr/lib/gcc/riscv64-elf/14.1.0/rv32i/ilp32/libgcc.a(addsf3.o)
 .data          0x8000afc0        0x0 /usr/lib/gcc/riscv64-elf/14.1.0/rv32i/ilp32/libgcc.a(divsf3.o)
 .data          0x8000afc0        0x0 /usr/lib/gcc/riscv64-elf/14.1.0/rv32i/ilp32/libgcc.a(eqsf2.o)
 .data          0x8000afc0        0x0 /usr/lib/gcc/riscv64-elf/14.1.0/rv32i/ilp32/libgcc.a(gesf2.o)
 .data          0x8000afc0        0x0 /usr/lib/gcc/riscv64-elf/14.1.0/rv32i/ilp32/libgcc.a(mulsf3.o)
 .data          0x8000afc0        0x0 /usr/lib/gcc/riscv64-elf/14.1.0/rv32i/ilp32/libgcc.a(subsf3.o)
 .data          0x8000afc0        0x0 /usr/lib/gcc/riscv64-elf/14.1.0/rv32i/ilp32/libgcc.a(fixsfsi.o)
 .data          0x8000afc0        0x0 /usr/lib/gcc/riscv64-elf/14.1.0/rv32i/ilp32/libgcc.a(floatsisf.o)
 .data          0x8000afc0        0x0 /usr/lib/gcc/riscv64-elf/14.1.0/rv32i/ilp32/libgcc.a(muldi3.o)
 .data          0x8000afc0        0x0 /usr/lib/gcc/riscv64-elf/14.1.0/rv32i/ilp32/libgcc.a(multi3.o)
 .data          0x8000afc0        0x0 /usr/lib/gcc/riscv64-elf/14.1.0/rv32i/ilp32/libgcc.a(div.o)
 .data          0x8000afc0        0x0 /usr/lib/gcc/riscv64-elf/14.1.0/rv32i/ilp32/libgcc.a(_clz.o)
 .data          0x8000afc0        0x0 /usr/lib/gcc/riscv64-elf/14.1.0/rv32i/ilp32/libgcc.a(_clzsi2.o)
                0x8000afc0                        _edata = .

.sdata          0x8000afc0        0xc
 .sdata         0x8000afc0        0xc builds/build0/main.o
                0x8000afc0                cur_frame_buffer
                0x8000afc4                frame_buffer_to_use
                0x8000afc8                frame_buffer
                0x8000afcc                        . = ALIGN (0x4)

.bss            0x8000afcc      0x304
                0x8000afcc                        _sbss = .
 *(.bss .bss.*)
 .bss           0x8000afcc        0x0 builds/build0/startup.o
 .bss           0x8000afcc        0x0 builds/build0/main.o
 .bss           0x8000afcc      0x304 builds/build0/riscYstdio.o
                0x8000afcc                files
 .bss           0x8000b2d0        0x0 builds/build0/tinyprintf.o
 .bss           0x8000b2d0        0x0 /usr/lib/gcc/riscv64-elf/14.1.0/../../../../riscv64-elf/lib/rv32i/ilp32/libm.a(libm_a-sf_cos.o)
 .bss           0x8000b2d0        0x0 /usr/lib/gcc/riscv64-elf/14.1.0/../../../../riscv64-elf/lib/rv32i/ilp32/libm.a(libm_a-sf_sin.o)
 .bss           0x8000b2d0        0x0 /usr/lib/gcc/riscv64-elf/14.1.0/../../../../riscv64-elf/lib/rv32i/ilp32/libm.a(libm_a-kf_cos.o)
 .bss           0x8000b2d0        0x0 /usr/lib/gcc/riscv64-elf/14.1.0/../../../../riscv64-elf/lib/rv32i/ilp32/libm.a(libm_a-kf_sin.o)
 .bss           0x8000b2d0        0x0 /usr/lib/gcc/riscv64-elf/14.1.0/../../../../riscv64-elf/lib/rv32i/ilp32/libm.a(libm_a-ef_rem_pio2.o)
 .bss           0x8000b2d0        0x0 /usr/lib/gcc/riscv64-elf/14.1.0/../../../../riscv64-elf/lib/rv32i/ilp32/libm.a(libm_a-sf_fabs.o)
 .bss           0x8000b2d0        0x0 /usr/lib/gcc/riscv64-elf/14.1.0/../../../../riscv64-elf/lib/rv32i/ilp32/libm.a(libm_a-kf_rem_pio2.o)
 .bss           0x8000b2d0        0x0 /usr/lib/gcc/riscv64-elf/14.1.0/../../../../riscv64-elf/lib/rv32i/ilp32/libm.a(libm_a-sf_floor.o)
 .bss           0x8000b2d0        0x0 /usr/lib/gcc/riscv64-elf/14.1.0/../../../../riscv64-elf/lib/rv32i/ilp32/libm.a(libm_a-sf_scalbn.o)
 .bss           0x8000b2d0        0x0 /usr/lib/gcc/riscv64-elf/14.1.0/rv32i/ilp32/libgcc.a(_divdi3.o)
 .bss           0x8000b2d0        0x0 /usr/lib/gcc/riscv64-elf/14.1.0/rv32i/ilp32/libgcc.a(_udivdi3.o)
 .bss           0x8000b2d0        0x0 /usr/lib/gcc/riscv64-elf/14.1.0/rv32i/ilp32/libgcc.a(_umoddi3.o)
 .bss           0x8000b2d0        0x0 /usr/lib/gcc/riscv64-elf/14.1.0/rv32i/ilp32/libgcc.a(addsf3.o)
 .bss           0x8000b2d0        0x0 /usr/lib/gcc/riscv64-elf/14.1.0/rv32i/ilp32/libgcc.a(divsf3.o)
 .bss           0x8000b2d0        0x0 /usr/lib/gcc/riscv64-elf/14.1.0/rv32i/ilp32/libgcc.a(eqsf2.o)
 .bss           0x8000b2d0        0x0 /usr/lib/gcc/riscv64-elf/14.1.0/rv32i/ilp32/libgcc.a(gesf2.o)
 .bss           0x8000b2d0        0x0 /usr/lib/gcc/riscv64-elf/14.1.0/rv32i/ilp32/libgcc.a(mulsf3.o)
 .bss           0x8000b2d0        0x0 /usr/lib/gcc/riscv64-elf/14.1.0/rv32i/ilp32/libgcc.a(subsf3.o)
 .bss           0x8000b2d0        0x0 /usr/lib/gcc/riscv64-elf/14.1.0/rv32i/ilp32/libgcc.a(fixsfsi.o)
 .bss           0x8000b2d0        0x0 /usr/lib/gcc/riscv64-elf/14.1.0/rv32i/ilp32/libgcc.a(floatsisf.o)
 .bss           0x8000b2d0        0x0 /usr/lib/gcc/riscv64-elf/14.1.0/rv32i/ilp32/libgcc.a(muldi3.o)
 .bss           0x8000b2d0        0x0 /usr/lib/gcc/riscv64-elf/14.1.0/rv32i/ilp32/libgcc.a(multi3.o)
 .bss           0x8000b2d0        0x0 /usr/lib/gcc/riscv64-elf/14.1.0/rv32i/ilp32/libgcc.a(div.o)
 .bss           0x8000b2d0        0x0 /usr/lib/gcc/riscv64-elf/14.1.0/rv32i/ilp32/libgcc.a(_clz.o)
 .bss           0x8000b2d0        0x0 /usr/lib/gcc/riscv64-elf/14.1.0/rv32i/ilp32/libgcc.a(_clzsi2.o)
 *(COMMON)
                0x8000b2d0                        _ebss = .

.sbss           0x8000b2d0       0x10
 .sbss          0x8000b2d0        0x8 builds/build0/riscYstdio.o
                0x8000b2d0                fileCount
                0x8000b2d4                heap_initialized
                0x8000b2d6                screenPos
 .sbss          0x8000b2d8        0x8 builds/build0/tinyprintf.o
                0x8000b400                        . = ALIGN (0x400)

.heap           0x8000b2e0   0x320000
                0x8000b2e0                        _heap_start = .
                0x8032b2e0                        . = (. + 0x320000)
 *fill*         0x8000b2e0   0x320000 
                0x8032b2e0                        _heap_end = .
                0x80400000                        _stack_end = (ORIGIN (RAM) + LENGTH (RAM))
                0x80400000                        _stack_top = _stack_end
                0x803f8000                        _stack_bottom = (_stack_top - _stack_size)
OUTPUT(builds/build0/program.elf elf32-littleriscv)

.riscv.attributes
                0x00000000       0x1c
 .riscv.attributes
                0x00000000       0x1a builds/build0/startup.o
 .riscv.attributes
                0x0000001a       0x1c builds/build0/main.o
 .riscv.attributes
                0x00000036       0x1c builds/build0/riscYstdio.o
 .riscv.attributes
                0x00000052       0x1c builds/build0/tinyprintf.o
 .riscv.attributes
                0x0000006e       0x1c /usr/lib/gcc/riscv64-elf/14.1.0/../../../../riscv64-elf/lib/rv32i/ilp32/libm.a(libm_a-sf_cos.o)
 .riscv.attributes
                0x0000008a       0x1c /usr/lib/gcc/riscv64-elf/14.1.0/../../../../riscv64-elf/lib/rv32i/ilp32/libm.a(libm_a-sf_sin.o)
 .riscv.attributes
                0x000000a6       0x1c /usr/lib/gcc/riscv64-elf/14.1.0/../../../../riscv64-elf/lib/rv32i/ilp32/libm.a(libm_a-kf_cos.o)
 .riscv.attributes
                0x000000c2       0x1c /usr/lib/gcc/riscv64-elf/14.1.0/../../../../riscv64-elf/lib/rv32i/ilp32/libm.a(libm_a-kf_sin.o)
 .riscv.attributes
                0x000000de       0x1c /usr/lib/gcc/riscv64-elf/14.1.0/../../../../riscv64-elf/lib/rv32i/ilp32/libm.a(libm_a-ef_rem_pio2.o)
 .riscv.attributes
                0x000000fa       0x1c /usr/lib/gcc/riscv64-elf/14.1.0/../../../../riscv64-elf/lib/rv32i/ilp32/libm.a(libm_a-sf_fabs.o)
 .riscv.attributes
                0x00000116       0x1c /usr/lib/gcc/riscv64-elf/14.1.0/../../../../riscv64-elf/lib/rv32i/ilp32/libm.a(libm_a-kf_rem_pio2.o)
 .riscv.attributes
                0x00000132       0x1c /usr/lib/gcc/riscv64-elf/14.1.0/../../../../riscv64-elf/lib/rv32i/ilp32/libm.a(libm_a-sf_floor.o)
 .riscv.attributes
                0x0000014e       0x1c /usr/lib/gcc/riscv64-elf/14.1.0/../../../../riscv64-elf/lib/rv32i/ilp32/libm.a(libm_a-sf_scalbn.o)
 .riscv.attributes
                0x0000016a       0x1c /usr/lib/gcc/riscv64-elf/14.1.0/rv32i/ilp32/libgcc.a(_divdi3.o)
 .riscv.attributes
                0x00000186       0x1c /usr/lib/gcc/riscv64-elf/14.1.0/rv32i/ilp32/libgcc.a(_udivdi3.o)
 .riscv.attributes
                0x000001a2       0x1c /usr/lib/gcc/riscv64-elf/14.1.0/rv32i/ilp32/libgcc.a(_umoddi3.o)
 .riscv.attributes
                0x000001be       0x1c /usr/lib/gcc/riscv64-elf/14.1.0/rv32i/ilp32/libgcc.a(addsf3.o)
 .riscv.attributes
                0x000001da       0x1c /usr/lib/gcc/riscv64-elf/14.1.0/rv32i/ilp32/libgcc.a(divsf3.o)
 .riscv.attributes
                0x000001f6       0x1c /usr/lib/gcc/riscv64-elf/14.1.0/rv32i/ilp32/libgcc.a(eqsf2.o)
 .riscv.attributes
                0x00000212       0x1c /usr/lib/gcc/riscv64-elf/14.1.0/rv32i/ilp32/libgcc.a(gesf2.o)
 .riscv.attributes
                0x0000022e       0x1c /usr/lib/gcc/riscv64-elf/14.1.0/rv32i/ilp32/libgcc.a(mulsf3.o)
 .riscv.attributes
                0x0000024a       0x1c /usr/lib/gcc/riscv64-elf/14.1.0/rv32i/ilp32/libgcc.a(subsf3.o)
 .riscv.attributes
                0x00000266       0x1c /usr/lib/gcc/riscv64-elf/14.1.0/rv32i/ilp32/libgcc.a(fixsfsi.o)
 .riscv.attributes
                0x00000282       0x1c /usr/lib/gcc/riscv64-elf/14.1.0/rv32i/ilp32/libgcc.a(floatsisf.o)
 .riscv.attributes
                0x0000029e       0x1a /usr/lib/gcc/riscv64-elf/14.1.0/rv32i/ilp32/libgcc.a(muldi3.o)
 .riscv.attributes
                0x000002b8       0x1c /usr/lib/gcc/riscv64-elf/14.1.0/rv32i/ilp32/libgcc.a(multi3.o)
 .riscv.attributes
                0x000002d4       0x1a /usr/lib/gcc/riscv64-elf/14.1.0/rv32i/ilp32/libgcc.a(div.o)
 .riscv.attributes
                0x000002ee       0x1c /usr/lib/gcc/riscv64-elf/14.1.0/rv32i/ilp32/libgcc.a(_clz.o)
 .riscv.attributes
                0x0000030a       0x1c /usr/lib/gcc/riscv64-elf/14.1.0/rv32i/ilp32/libgcc.a(_clzsi2.o)

.comment        0x00000000       0x26
 .comment       0x00000000       0x26 builds/build0/main.o
                                 0x27 (size before relaxing)
 .comment       0x00000026       0x27 builds/build0/riscYstdio.o
 .comment       0x00000026       0x27 builds/build0/tinyprintf.o
 .comment       0x00000026       0x27 /usr/lib/gcc/riscv64-elf/14.1.0/../../../../riscv64-elf/lib/rv32i/ilp32/libm.a(libm_a-sf_cos.o)
 .comment       0x00000026       0x27 /usr/lib/gcc/riscv64-elf/14.1.0/../../../../riscv64-elf/lib/rv32i/ilp32/libm.a(libm_a-sf_sin.o)
 .comment       0x00000026       0x27 /usr/lib/gcc/riscv64-elf/14.1.0/../../../../riscv64-elf/lib/rv32i/ilp32/libm.a(libm_a-kf_cos.o)
 .comment       0x00000026       0x27 /usr/lib/gcc/riscv64-elf/14.1.0/../../../../riscv64-elf/lib/rv32i/ilp32/libm.a(libm_a-kf_sin.o)
 .comment       0x00000026       0x27 /usr/lib/gcc/riscv64-elf/14.1.0/../../../../riscv64-elf/lib/rv32i/ilp32/libm.a(libm_a-ef_rem_pio2.o)
 .comment       0x00000026       0x27 /usr/lib/gcc/riscv64-elf/14.1.0/../../../../riscv64-elf/lib/rv32i/ilp32/libm.a(libm_a-sf_fabs.o)
 .comment       0x00000026       0x27 /usr/lib/gcc/riscv64-elf/14.1.0/../../../../riscv64-elf/lib/rv32i/ilp32/libm.a(libm_a-kf_rem_pio2.o)
 .comment       0x00000026       0x27 /usr/lib/gcc/riscv64-elf/14.1.0/../../../../riscv64-elf/lib/rv32i/ilp32/libm.a(libm_a-sf_floor.o)
 .comment       0x00000026       0x27 /usr/lib/gcc/riscv64-elf/14.1.0/../../../../riscv64-elf/lib/rv32i/ilp32/libm.a(libm_a-sf_scalbn.o)
 .comment       0x00000026       0x27 /usr/lib/gcc/riscv64-elf/14.1.0/rv32i/ilp32/libgcc.a(_divdi3.o)
 .comment       0x00000026       0x27 /usr/lib/gcc/riscv64-elf/14.1.0/rv32i/ilp32/libgcc.a(_udivdi3.o)
 .comment       0x00000026       0x27 /usr/lib/gcc/riscv64-elf/14.1.0/rv32i/ilp32/libgcc.a(_umoddi3.o)
 .comment       0x00000026       0x27 /usr/lib/gcc/riscv64-elf/14.1.0/rv32i/ilp32/libgcc.a(addsf3.o)
 .comment       0x00000026       0x27 /usr/lib/gcc/riscv64-elf/14.1.0/rv32i/ilp32/libgcc.a(divsf3.o)
 .comment       0x00000026       0x27 /usr/lib/gcc/riscv64-elf/14.1.0/rv32i/ilp32/libgcc.a(eqsf2.o)
 .comment       0x00000026       0x27 /usr/lib/gcc/riscv64-elf/14.1.0/rv32i/ilp32/libgcc.a(gesf2.o)
 .comment       0x00000026       0x27 /usr/lib/gcc/riscv64-elf/14.1.0/rv32i/ilp32/libgcc.a(mulsf3.o)
 .comment       0x00000026       0x27 /usr/lib/gcc/riscv64-elf/14.1.0/rv32i/ilp32/libgcc.a(subsf3.o)
 .comment       0x00000026       0x27 /usr/lib/gcc/riscv64-elf/14.1.0/rv32i/ilp32/libgcc.a(fixsfsi.o)
 .comment       0x00000026       0x27 /usr/lib/gcc/riscv64-elf/14.1.0/rv32i/ilp32/libgcc.a(floatsisf.o)
 .comment       0x00000026       0x27 /usr/lib/gcc/riscv64-elf/14.1.0/rv32i/ilp32/libgcc.a(multi3.o)
 .comment       0x00000026       0x27 /usr/lib/gcc/riscv64-elf/14.1.0/rv32i/ilp32/libgcc.a(_clz.o)
 .comment       0x00000026       0x27 /usr/lib/gcc/riscv64-elf/14.1.0/rv32i/ilp32/libgcc.a(_clzsi2.o)

.note.GNU-stack
                0x00000000        0x0
 .note.GNU-stack
                0x00000000        0x0 builds/build0/main.o
 .note.GNU-stack
                0x00000000        0x0 builds/build0/riscYstdio.o
 .note.GNU-stack
                0x00000000        0x0 builds/build0/tinyprintf.o
 .note.GNU-stack
                0x00000000        0x0 /usr/lib/gcc/riscv64-elf/14.1.0/../../../../riscv64-elf/lib/rv32i/ilp32/libm.a(libm_a-sf_cos.o)
 .note.GNU-stack
                0x00000000        0x0 /usr/lib/gcc/riscv64-elf/14.1.0/../../../../riscv64-elf/lib/rv32i/ilp32/libm.a(libm_a-sf_sin.o)
 .note.GNU-stack
                0x00000000        0x0 /usr/lib/gcc/riscv64-elf/14.1.0/../../../../riscv64-elf/lib/rv32i/ilp32/libm.a(libm_a-kf_cos.o)
 .note.GNU-stack
                0x00000000        0x0 /usr/lib/gcc/riscv64-elf/14.1.0/../../../../riscv64-elf/lib/rv32i/ilp32/libm.a(libm_a-kf_sin.o)
 .note.GNU-stack
                0x00000000        0x0 /usr/lib/gcc/riscv64-elf/14.1.0/../../../../riscv64-elf/lib/rv32i/ilp32/libm.a(libm_a-ef_rem_pio2.o)
 .note.GNU-stack
                0x00000000        0x0 /usr/lib/gcc/riscv64-elf/14.1.0/../../../../riscv64-elf/lib/rv32i/ilp32/libm.a(libm_a-sf_fabs.o)
 .note.GNU-stack
                0x00000000        0x0 /usr/lib/gcc/riscv64-elf/14.1.0/../../../../riscv64-elf/lib/rv32i/ilp32/libm.a(libm_a-kf_rem_pio2.o)
 .note.GNU-stack
                0x00000000        0x0 /usr/lib/gcc/riscv64-elf/14.1.0/../../../../riscv64-elf/lib/rv32i/ilp32/libm.a(libm_a-sf_floor.o)
 .note.GNU-stack
                0x00000000        0x0 /usr/lib/gcc/riscv64-elf/14.1.0/../../../../riscv64-elf/lib/rv32i/ilp32/libm.a(libm_a-sf_scalbn.o)
 .note.GNU-stack
                0x00000000        0x0 /usr/lib/gcc/riscv64-elf/14.1.0/rv32i/ilp32/libgcc.a(_divdi3.o)
 .note.GNU-stack
                0x00000000        0x0 /usr/lib/gcc/riscv64-elf/14.1.0/rv32i/ilp32/libgcc.a(_udivdi3.o)
 .note.GNU-stack
                0x00000000        0x0 /usr/lib/gcc/riscv64-elf/14.1.0/rv32i/ilp32/libgcc.a(_umoddi3.o)
 .note.GNU-stack
                0x00000000        0x0 /usr/lib/gcc/riscv64-elf/14.1.0/rv32i/ilp32/libgcc.a(addsf3.o)
 .note.GNU-stack
                0x00000000        0x0 /usr/lib/gcc/riscv64-elf/14.1.0/rv32i/ilp32/libgcc.a(divsf3.o)
 .note.GNU-stack
                0x00000000        0x0 /usr/lib/gcc/riscv64-elf/14.1.0/rv32i/ilp32/libgcc.a(eqsf2.o)
 .note.GNU-stack
                0x00000000        0x0 /usr/lib/gcc/riscv64-elf/14.1.0/rv32i/ilp32/libgcc.a(gesf2.o)
 .note.GNU-stack
                0x00000000        0x0 /usr/lib/gcc/riscv64-elf/14.1.0/rv32i/ilp32/libgcc.a(mulsf3.o)
 .note.GNU-stack
                0x00000000        0x0 /usr/lib/gcc/riscv64-elf/14.1.0/rv32i/ilp32/libgcc.a(subsf3.o)
 .note.GNU-stack
                0x00000000        0x0 /usr/lib/gcc/riscv64-elf/14.1.0/rv32i/ilp32/libgcc.a(fixsfsi.o)
 .note.GNU-stack
                0x00000000        0x0 /usr/lib/gcc/riscv64-elf/14.1.0/rv32i/ilp32/libgcc.a(floatsisf.o)
 .note.GNU-stack
                0x00000000        0x0 /usr/lib/gcc/riscv64-elf/14.1.0/rv32i/ilp32/libgcc.a(multi3.o)
 .note.GNU-stack
                0x00000000        0x0 /usr/lib/gcc/riscv64-elf/14.1.0/rv32i/ilp32/libgcc.a(_clz.o)
 .note.GNU-stack
                0x00000000        0x0 /usr/lib/gcc/riscv64-elf/14.1.0/rv32i/ilp32/libgcc.a(_clzsi2.o)

.debug_line     0x00000000    0x1404f
 .debug_line    0x00000000      0x11c builds/build0/startup.o
 .debug_line    0x0000011c     0x4269 builds/build0/main.o
 .debug_line    0x00004385     0x4e7d builds/build0/riscYstdio.o
 .debug_line    0x00009202     0x286a builds/build0/tinyprintf.o
 .debug_line    0x0000ba6c      0x1da /usr/lib/gcc/riscv64-elf/14.1.0/../../../../riscv64-elf/lib/rv32i/ilp32/libm.a(libm_a-sf_cos.o)
 .debug_line    0x0000bc46      0x1ee /usr/lib/gcc/riscv64-elf/14.1.0/../../../../riscv64-elf/lib/rv32i/ilp32/libm.a(libm_a-sf_sin.o)
 .debug_line    0x0000be34      0x369 /usr/lib/gcc/riscv64-elf/14.1.0/../../../../riscv64-elf/lib/rv32i/ilp32/libm.a(libm_a-kf_cos.o)
 .debug_line    0x0000c19d      0x267 /usr/lib/gcc/riscv64-elf/14.1.0/../../../../riscv64-elf/lib/rv32i/ilp32/libm.a(libm_a-kf_sin.o)
 .debug_line    0x0000c404      0x8f3 /usr/lib/gcc/riscv64-elf/14.1.0/../../../../riscv64-elf/lib/rv32i/ilp32/libm.a(libm_a-ef_rem_pio2.o)
 .debug_line    0x0000ccf7       0xc0 /usr/lib/gcc/riscv64-elf/14.1.0/../../../../riscv64-elf/lib/rv32i/ilp32/libm.a(libm_a-sf_fabs.o)
 .debug_line    0x0000cdb7     0x12e4 /usr/lib/gcc/riscv64-elf/14.1.0/../../../../riscv64-elf/lib/rv32i/ilp32/libm.a(libm_a-kf_rem_pio2.o)
 .debug_line    0x0000e09b      0x262 /usr/lib/gcc/riscv64-elf/14.1.0/../../../../riscv64-elf/lib/rv32i/ilp32/libm.a(libm_a-sf_floor.o)
 .debug_line    0x0000e2fd      0x358 /usr/lib/gcc/riscv64-elf/14.1.0/../../../../riscv64-elf/lib/rv32i/ilp32/libm.a(libm_a-sf_scalbn.o)
 .debug_line    0x0000e655      0xa9c /usr/lib/gcc/riscv64-elf/14.1.0/rv32i/ilp32/libgcc.a(_divdi3.o)
 .debug_line    0x0000f0f1      0x9dd /usr/lib/gcc/riscv64-elf/14.1.0/rv32i/ilp32/libgcc.a(_udivdi3.o)
 .debug_line    0x0000face      0x979 /usr/lib/gcc/riscv64-elf/14.1.0/rv32i/ilp32/libgcc.a(_umoddi3.o)
 .debug_line    0x00010447      0xd4c /usr/lib/gcc/riscv64-elf/14.1.0/rv32i/ilp32/libgcc.a(addsf3.o)
 .debug_line    0x00011193      0x8d9 /usr/lib/gcc/riscv64-elf/14.1.0/rv32i/ilp32/libgcc.a(divsf3.o)
 .debug_line    0x00011a6c      0x22f /usr/lib/gcc/riscv64-elf/14.1.0/rv32i/ilp32/libgcc.a(eqsf2.o)
 .debug_line    0x00011c9b      0x2cb /usr/lib/gcc/riscv64-elf/14.1.0/rv32i/ilp32/libgcc.a(gesf2.o)
 .debug_line    0x00011f66      0x8d0 /usr/lib/gcc/riscv64-elf/14.1.0/rv32i/ilp32/libgcc.a(mulsf3.o)
 .debug_line    0x00012836      0xd87 /usr/lib/gcc/riscv64-elf/14.1.0/rv32i/ilp32/libgcc.a(subsf3.o)
 .debug_line    0x000135bd      0x211 /usr/lib/gcc/riscv64-elf/14.1.0/rv32i/ilp32/libgcc.a(fixsfsi.o)
 .debug_line    0x000137ce      0x37a /usr/lib/gcc/riscv64-elf/14.1.0/rv32i/ilp32/libgcc.a(floatsisf.o)
 .debug_line    0x00013b48       0x7a /usr/lib/gcc/riscv64-elf/14.1.0/rv32i/ilp32/libgcc.a(muldi3.o)
 .debug_line    0x00013bc2      0x220 /usr/lib/gcc/riscv64-elf/14.1.0/rv32i/ilp32/libgcc.a(multi3.o)
 .debug_line    0x00013de2      0x153 /usr/lib/gcc/riscv64-elf/14.1.0/rv32i/ilp32/libgcc.a(div.o)
 .debug_line    0x00013f35       0x3f /usr/lib/gcc/riscv64-elf/14.1.0/rv32i/ilp32/libgcc.a(_clz.o)
 .debug_line    0x00013f74       0xdb /usr/lib/gcc/riscv64-elf/14.1.0/rv32i/ilp32/libgcc.a(_clzsi2.o)

.debug_line_str
                0x00000000      0xa00
 .debug_line_str
                0x00000000      0xa00 builds/build0/startup.o
                                 0x4c (size before relaxing)
 .debug_line_str
                0x00000a00      0x23a builds/build0/main.o
 .debug_line_str
                0x00000a00      0x14b builds/build0/riscYstdio.o
 .debug_line_str
                0x00000a00       0xe9 builds/build0/tinyprintf.o
 .debug_line_str
                0x00000a00      0x20c /usr/lib/gcc/riscv64-elf/14.1.0/../../../../riscv64-elf/lib/rv32i/ilp32/libm.a(libm_a-sf_cos.o)
 .debug_line_str
                0x00000a00      0x20c /usr/lib/gcc/riscv64-elf/14.1.0/../../../../riscv64-elf/lib/rv32i/ilp32/libm.a(libm_a-sf_sin.o)
 .debug_line_str
                0x00000a00      0x1bd /usr/lib/gcc/riscv64-elf/14.1.0/../../../../riscv64-elf/lib/rv32i/ilp32/libm.a(libm_a-kf_cos.o)
 .debug_line_str
                0x00000a00      0x1bd /usr/lib/gcc/riscv64-elf/14.1.0/../../../../riscv64-elf/lib/rv32i/ilp32/libm.a(libm_a-kf_sin.o)
 .debug_line_str
                0x00000a00      0x21b /usr/lib/gcc/riscv64-elf/14.1.0/../../../../riscv64-elf/lib/rv32i/ilp32/libm.a(libm_a-ef_rem_pio2.o)
 .debug_line_str
                0x00000a00      0x26b /usr/lib/gcc/riscv64-elf/14.1.0/../../../../riscv64-elf/lib/rv32i/ilp32/libm.a(libm_a-sf_fabs.o)
 .debug_line_str
                0x00000a00      0x1da /usr/lib/gcc/riscv64-elf/14.1.0/../../../../riscv64-elf/lib/rv32i/ilp32/libm.a(libm_a-kf_rem_pio2.o)
 .debug_line_str
                0x00000a00      0x212 /usr/lib/gcc/riscv64-elf/14.1.0/../../../../riscv64-elf/lib/rv32i/ilp32/libm.a(libm_a-sf_floor.o)
 .debug_line_str
                0x00000a00      0x1e1 /usr/lib/gcc/riscv64-elf/14.1.0/../../../../riscv64-elf/lib/rv32i/ilp32/libm.a(libm_a-sf_scalbn.o)
 .debug_line_str
                0x00000a00      0x10a /usr/lib/gcc/riscv64-elf/14.1.0/rv32i/ilp32/libgcc.a(_divdi3.o)
 .debug_line_str
                0x00000a00      0x10a /usr/lib/gcc/riscv64-elf/14.1.0/rv32i/ilp32/libgcc.a(_udivdi3.o)
 .debug_line_str
                0x00000a00      0x10a /usr/lib/gcc/riscv64-elf/14.1.0/rv32i/ilp32/libgcc.a(_umoddi3.o)
 .debug_line_str
                0x00000a00      0x116 /usr/lib/gcc/riscv64-elf/14.1.0/rv32i/ilp32/libgcc.a(addsf3.o)
 .debug_line_str
                0x00000a00      0x116 /usr/lib/gcc/riscv64-elf/14.1.0/rv32i/ilp32/libgcc.a(divsf3.o)
 .debug_line_str
                0x00000a00      0x123 /usr/lib/gcc/riscv64-elf/14.1.0/rv32i/ilp32/libgcc.a(eqsf2.o)
 .debug_line_str
                0x00000a00      0x123 /usr/lib/gcc/riscv64-elf/14.1.0/rv32i/ilp32/libgcc.a(gesf2.o)
 .debug_line_str
                0x00000a00      0x120 /usr/lib/gcc/riscv64-elf/14.1.0/rv32i/ilp32/libgcc.a(mulsf3.o)
 .debug_line_str
                0x00000a00      0x116 /usr/lib/gcc/riscv64-elf/14.1.0/rv32i/ilp32/libgcc.a(subsf3.o)
 .debug_line_str
                0x00000a00      0x123 /usr/lib/gcc/riscv64-elf/14.1.0/rv32i/ilp32/libgcc.a(fixsfsi.o)
 .debug_line_str
                0x00000a00      0x129 /usr/lib/gcc/riscv64-elf/14.1.0/rv32i/ilp32/libgcc.a(floatsisf.o)
 .debug_line_str
                0x00000a00       0x87 /usr/lib/gcc/riscv64-elf/14.1.0/rv32i/ilp32/libgcc.a(muldi3.o)
 .debug_line_str
                0x00000a00      0x14e /usr/lib/gcc/riscv64-elf/14.1.0/rv32i/ilp32/libgcc.a(multi3.o)
 .debug_line_str
                0x00000a00       0x84 /usr/lib/gcc/riscv64-elf/14.1.0/rv32i/ilp32/libgcc.a(div.o)
 .debug_line_str
                0x00000a00      0x10a /usr/lib/gcc/riscv64-elf/14.1.0/rv32i/ilp32/libgcc.a(_clz.o)
 .debug_line_str
                0x00000a00      0x10a /usr/lib/gcc/riscv64-elf/14.1.0/rv32i/ilp32/libgcc.a(_clzsi2.o)

.debug_info     0x00000000     0xbbd6
 .debug_info    0x00000000       0x25 builds/build0/startup.o
 .debug_info    0x00000025     0x3cd7 builds/build0/main.o
 .debug_info    0x00003cfc     0x206d builds/build0/riscYstdio.o
 .debug_info    0x00005d69      0xd54 builds/build0/tinyprintf.o
 .debug_info    0x00006abd      0x210 /usr/lib/gcc/riscv64-elf/14.1.0/../../../../riscv64-elf/lib/rv32i/ilp32/libm.a(libm_a-sf_cos.o)
 .debug_info    0x00006ccd      0x21f /usr/lib/gcc/riscv64-elf/14.1.0/../../../../riscv64-elf/lib/rv32i/ilp32/libm.a(libm_a-sf_sin.o)
 .debug_info    0x00006eec      0x36e /usr/lib/gcc/riscv64-elf/14.1.0/../../../../riscv64-elf/lib/rv32i/ilp32/libm.a(libm_a-kf_cos.o)
 .debug_info    0x0000725a      0x2b7 /usr/lib/gcc/riscv64-elf/14.1.0/../../../../riscv64-elf/lib/rv32i/ilp32/libm.a(libm_a-kf_sin.o)
 .debug_info    0x00007511      0x5b2 /usr/lib/gcc/riscv64-elf/14.1.0/../../../../riscv64-elf/lib/rv32i/ilp32/libm.a(libm_a-ef_rem_pio2.o)
 .debug_info    0x00007ac3      0x126 /usr/lib/gcc/riscv64-elf/14.1.0/../../../../riscv64-elf/lib/rv32i/ilp32/libm.a(libm_a-sf_fabs.o)
 .debug_info    0x00007be9      0x5a3 /usr/lib/gcc/riscv64-elf/14.1.0/../../../../riscv64-elf/lib/rv32i/ilp32/libm.a(libm_a-kf_rem_pio2.o)
 .debug_info    0x0000818c      0x1b1 /usr/lib/gcc/riscv64-elf/14.1.0/../../../../riscv64-elf/lib/rv32i/ilp32/libm.a(libm_a-sf_floor.o)
 .debug_info    0x0000833d      0x237 /usr/lib/gcc/riscv64-elf/14.1.0/../../../../riscv64-elf/lib/rv32i/ilp32/libm.a(libm_a-sf_scalbn.o)
 .debug_info    0x00008574      0x987 /usr/lib/gcc/riscv64-elf/14.1.0/rv32i/ilp32/libgcc.a(_divdi3.o)
 .debug_info    0x00008efb      0x955 /usr/lib/gcc/riscv64-elf/14.1.0/rv32i/ilp32/libgcc.a(_udivdi3.o)
 .debug_info    0x00009850      0x95e /usr/lib/gcc/riscv64-elf/14.1.0/rv32i/ilp32/libgcc.a(_umoddi3.o)
 .debug_info    0x0000a1ae      0x2e8 /usr/lib/gcc/riscv64-elf/14.1.0/rv32i/ilp32/libgcc.a(addsf3.o)
 .debug_info    0x0000a496      0x3b1 /usr/lib/gcc/riscv64-elf/14.1.0/rv32i/ilp32/libgcc.a(divsf3.o)
 .debug_info    0x0000a847      0x1fb /usr/lib/gcc/riscv64-elf/14.1.0/rv32i/ilp32/libgcc.a(eqsf2.o)
 .debug_info    0x0000aa42      0x1fe /usr/lib/gcc/riscv64-elf/14.1.0/rv32i/ilp32/libgcc.a(gesf2.o)
 .debug_info    0x0000ac40      0x3d8 /usr/lib/gcc/riscv64-elf/14.1.0/rv32i/ilp32/libgcc.a(mulsf3.o)
 .debug_info    0x0000b018      0x2e8 /usr/lib/gcc/riscv64-elf/14.1.0/rv32i/ilp32/libgcc.a(subsf3.o)
 .debug_info    0x0000b300      0x1b1 /usr/lib/gcc/riscv64-elf/14.1.0/rv32i/ilp32/libgcc.a(fixsfsi.o)
 .debug_info    0x0000b4b1      0x213 /usr/lib/gcc/riscv64-elf/14.1.0/rv32i/ilp32/libgcc.a(floatsisf.o)
 .debug_info    0x0000b6c4       0x2f /usr/lib/gcc/riscv64-elf/14.1.0/rv32i/ilp32/libgcc.a(muldi3.o)
 .debug_info    0x0000b6f3      0x246 /usr/lib/gcc/riscv64-elf/14.1.0/rv32i/ilp32/libgcc.a(multi3.o)
 .debug_info    0x0000b939       0x59 /usr/lib/gcc/riscv64-elf/14.1.0/rv32i/ilp32/libgcc.a(div.o)
 .debug_info    0x0000b992       0xed /usr/lib/gcc/riscv64-elf/14.1.0/rv32i/ilp32/libgcc.a(_clz.o)
 .debug_info    0x0000ba7f      0x157 /usr/lib/gcc/riscv64-elf/14.1.0/rv32i/ilp32/libgcc.a(_clzsi2.o)

.debug_abbrev   0x00000000     0x2adf
 .debug_abbrev  0x00000000       0x14 builds/build0/startup.o
 .debug_abbrev  0x00000014      0x5ce builds/build0/main.o
 .debug_abbrev  0x000005e2      0x458 builds/build0/riscYstdio.o
 .debug_abbrev  0x00000a3a      0x2f3 builds/build0/tinyprintf.o
 .debug_abbrev  0x00000d2d      0x155 /usr/lib/gcc/riscv64-elf/14.1.0/../../../../riscv64-elf/lib/rv32i/ilp32/libm.a(libm_a-sf_cos.o)
 .debug_abbrev  0x00000e82      0x155 /usr/lib/gcc/riscv64-elf/14.1.0/../../../../riscv64-elf/lib/rv32i/ilp32/libm.a(libm_a-sf_sin.o)
 .debug_abbrev  0x00000fd7      0x103 /usr/lib/gcc/riscv64-elf/14.1.0/../../../../riscv64-elf/lib/rv32i/ilp32/libm.a(libm_a-kf_cos.o)
 .debug_abbrev  0x000010da      0x103 /usr/lib/gcc/riscv64-elf/14.1.0/../../../../riscv64-elf/lib/rv32i/ilp32/libm.a(libm_a-kf_sin.o)
 .debug_abbrev  0x000011dd      0x198 /usr/lib/gcc/riscv64-elf/14.1.0/../../../../riscv64-elf/lib/rv32i/ilp32/libm.a(libm_a-ef_rem_pio2.o)
 .debug_abbrev  0x00001375       0xc9 /usr/lib/gcc/riscv64-elf/14.1.0/../../../../riscv64-elf/lib/rv32i/ilp32/libm.a(libm_a-sf_fabs.o)
 .debug_abbrev  0x0000143e      0x163 /usr/lib/gcc/riscv64-elf/14.1.0/../../../../riscv64-elf/lib/rv32i/ilp32/libm.a(libm_a-kf_rem_pio2.o)
 .debug_abbrev  0x000015a1       0xfb /usr/lib/gcc/riscv64-elf/14.1.0/../../../../riscv64-elf/lib/rv32i/ilp32/libm.a(libm_a-sf_floor.o)
 .debug_abbrev  0x0000169c      0x12d /usr/lib/gcc/riscv64-elf/14.1.0/../../../../riscv64-elf/lib/rv32i/ilp32/libm.a(libm_a-sf_scalbn.o)
 .debug_abbrev  0x000017c9      0x1de /usr/lib/gcc/riscv64-elf/14.1.0/rv32i/ilp32/libgcc.a(_divdi3.o)
 .debug_abbrev  0x000019a7      0x1c5 /usr/lib/gcc/riscv64-elf/14.1.0/rv32i/ilp32/libgcc.a(_udivdi3.o)
 .debug_abbrev  0x00001b6c      0x1d0 /usr/lib/gcc/riscv64-elf/14.1.0/rv32i/ilp32/libgcc.a(_umoddi3.o)
 .debug_abbrev  0x00001d3c      0x17d /usr/lib/gcc/riscv64-elf/14.1.0/rv32i/ilp32/libgcc.a(addsf3.o)
 .debug_abbrev  0x00001eb9      0x14c /usr/lib/gcc/riscv64-elf/14.1.0/rv32i/ilp32/libgcc.a(divsf3.o)
 .debug_abbrev  0x00002005      0x12d /usr/lib/gcc/riscv64-elf/14.1.0/rv32i/ilp32/libgcc.a(eqsf2.o)
 .debug_abbrev  0x00002132      0x162 /usr/lib/gcc/riscv64-elf/14.1.0/rv32i/ilp32/libgcc.a(gesf2.o)
 .debug_abbrev  0x00002294      0x16f /usr/lib/gcc/riscv64-elf/14.1.0/rv32i/ilp32/libgcc.a(mulsf3.o)
 .debug_abbrev  0x00002403      0x17d /usr/lib/gcc/riscv64-elf/14.1.0/rv32i/ilp32/libgcc.a(subsf3.o)
 .debug_abbrev  0x00002580      0x15d /usr/lib/gcc/riscv64-elf/14.1.0/rv32i/ilp32/libgcc.a(fixsfsi.o)
 .debug_abbrev  0x000026dd      0x16d /usr/lib/gcc/riscv64-elf/14.1.0/rv32i/ilp32/libgcc.a(floatsisf.o)
 .debug_abbrev  0x0000284a       0x21 /usr/lib/gcc/riscv64-elf/14.1.0/rv32i/ilp32/libgcc.a(muldi3.o)
 .debug_abbrev  0x0000286b      0x119 /usr/lib/gcc/riscv64-elf/14.1.0/rv32i/ilp32/libgcc.a(multi3.o)
 .debug_abbrev  0x00002984       0x21 /usr/lib/gcc/riscv64-elf/14.1.0/rv32i/ilp32/libgcc.a(div.o)
 .debug_abbrev  0x000029a5       0x70 /usr/lib/gcc/riscv64-elf/14.1.0/rv32i/ilp32/libgcc.a(_clz.o)
 .debug_abbrev  0x00002a15       0xca /usr/lib/gcc/riscv64-elf/14.1.0/rv32i/ilp32/libgcc.a(_clzsi2.o)

.debug_aranges  0x00000000      0x3a0
 .debug_aranges
                0x00000000       0x20 builds/build0/startup.o
 .debug_aranges
                0x00000020       0x28 builds/build0/main.o
 .debug_aranges
                0x00000048       0x20 builds/build0/riscYstdio.o
 .debug_aranges
                0x00000068       0x20 builds/build0/tinyprintf.o
 .debug_aranges
                0x00000088       0x20 /usr/lib/gcc/riscv64-elf/14.1.0/../../../../riscv64-elf/lib/rv32i/ilp32/libm.a(libm_a-sf_cos.o)
 .debug_aranges
                0x000000a8       0x20 /usr/lib/gcc/riscv64-elf/14.1.0/../../../../riscv64-elf/lib/rv32i/ilp32/libm.a(libm_a-sf_sin.o)
 .debug_aranges
                0x000000c8       0x20 /usr/lib/gcc/riscv64-elf/14.1.0/../../../../riscv64-elf/lib/rv32i/ilp32/libm.a(libm_a-kf_cos.o)
 .debug_aranges
                0x000000e8       0x20 /usr/lib/gcc/riscv64-elf/14.1.0/../../../../riscv64-elf/lib/rv32i/ilp32/libm.a(libm_a-kf_sin.o)
 .debug_aranges
                0x00000108       0x20 /usr/lib/gcc/riscv64-elf/14.1.0/../../../../riscv64-elf/lib/rv32i/ilp32/libm.a(libm_a-ef_rem_pio2.o)
 .debug_aranges
                0x00000128       0x20 /usr/lib/gcc/riscv64-elf/14.1.0/../../../../riscv64-elf/lib/rv32i/ilp32/libm.a(libm_a-sf_fabs.o)
 .debug_aranges
                0x00000148       0x20 /usr/lib/gcc/riscv64-elf/14.1.0/../../../../riscv64-elf/lib/rv32i/ilp32/libm.a(libm_a-kf_rem_pio2.o)
 .debug_aranges
                0x00000168       0x20 /usr/lib/gcc/riscv64-elf/14.1.0/../../../../riscv64-elf/lib/rv32i/ilp32/libm.a(libm_a-sf_floor.o)
 .debug_aranges
                0x00000188       0x20 /usr/lib/gcc/riscv64-elf/14.1.0/../../../../riscv64-elf/lib/rv32i/ilp32/libm.a(libm_a-sf_scalbn.o)
 .debug_aranges
                0x000001a8       0x20 /usr/lib/gcc/riscv64-elf/14.1.0/rv32i/ilp32/libgcc.a(_divdi3.o)
 .debug_aranges
                0x000001c8       0x20 /usr/lib/gcc/riscv64-elf/14.1.0/rv32i/ilp32/libgcc.a(_udivdi3.o)
 .debug_aranges
                0x000001e8       0x20 /usr/lib/gcc/riscv64-elf/14.1.0/rv32i/ilp32/libgcc.a(_umoddi3.o)
 .debug_aranges
                0x00000208       0x20 /usr/lib/gcc/riscv64-elf/14.1.0/rv32i/ilp32/libgcc.a(addsf3.o)
 .debug_aranges
                0x00000228       0x20 /usr/lib/gcc/riscv64-elf/14.1.0/rv32i/ilp32/libgcc.a(divsf3.o)
 .debug_aranges
                0x00000248       0x20 /usr/lib/gcc/riscv64-elf/14.1.0/rv32i/ilp32/libgcc.a(eqsf2.o)
 .debug_aranges
                0x00000268       0x20 /usr/lib/gcc/riscv64-elf/14.1.0/rv32i/ilp32/libgcc.a(gesf2.o)
 .debug_aranges
                0x00000288       0x20 /usr/lib/gcc/riscv64-elf/14.1.0/rv32i/ilp32/libgcc.a(mulsf3.o)
 .debug_aranges
                0x000002a8       0x20 /usr/lib/gcc/riscv64-elf/14.1.0/rv32i/ilp32/libgcc.a(subsf3.o)
 .debug_aranges
                0x000002c8       0x20 /usr/lib/gcc/riscv64-elf/14.1.0/rv32i/ilp32/libgcc.a(fixsfsi.o)
 .debug_aranges
                0x000002e8       0x20 /usr/lib/gcc/riscv64-elf/14.1.0/rv32i/ilp32/libgcc.a(floatsisf.o)
 .debug_aranges
                0x00000308       0x20 /usr/lib/gcc/riscv64-elf/14.1.0/rv32i/ilp32/libgcc.a(muldi3.o)
 .debug_aranges
                0x00000328       0x20 /usr/lib/gcc/riscv64-elf/14.1.0/rv32i/ilp32/libgcc.a(multi3.o)
 .debug_aranges
                0x00000348       0x20 /usr/lib/gcc/riscv64-elf/14.1.0/rv32i/ilp32/libgcc.a(div.o)
 .debug_aranges
                0x00000368       0x18 /usr/lib/gcc/riscv64-elf/14.1.0/rv32i/ilp32/libgcc.a(_clz.o)
 .debug_aranges
                0x00000380       0x20 /usr/lib/gcc/riscv64-elf/14.1.0/rv32i/ilp32/libgcc.a(_clzsi2.o)

.debug_str      0x00000000     0x17db
 .debug_str     0x00000000     0x17db builds/build0/startup.o
                                 0x58 (size before relaxing)
 .debug_str     0x000017db      0x94a builds/build0/main.o
 .debug_str     0x000017db      0x7ea builds/build0/riscYstdio.o
 .debug_str     0x000017db      0x260 builds/build0/tinyprintf.o
 .debug_str     0x000017db      0x18f /usr/lib/gcc/riscv64-elf/14.1.0/../../../../riscv64-elf/lib/rv32i/ilp32/libm.a(libm_a-sf_cos.o)
 .debug_str     0x000017db      0x18f /usr/lib/gcc/riscv64-elf/14.1.0/../../../../riscv64-elf/lib/rv32i/ilp32/libm.a(libm_a-sf_sin.o)
 .debug_str     0x000017db      0x189 /usr/lib/gcc/riscv64-elf/14.1.0/../../../../riscv64-elf/lib/rv32i/ilp32/libm.a(libm_a-kf_cos.o)
 .debug_str     0x000017db      0x189 /usr/lib/gcc/riscv64-elf/14.1.0/../../../../riscv64-elf/lib/rv32i/ilp32/libm.a(libm_a-kf_sin.o)
 .debug_str     0x000017db      0x21a /usr/lib/gcc/riscv64-elf/14.1.0/../../../../riscv64-elf/lib/rv32i/ilp32/libm.a(libm_a-ef_rem_pio2.o)
 .debug_str     0x000017db      0x152 /usr/lib/gcc/riscv64-elf/14.1.0/../../../../riscv64-elf/lib/rv32i/ilp32/libm.a(libm_a-sf_fabs.o)
 .debug_str     0x000017db      0x1bb /usr/lib/gcc/riscv64-elf/14.1.0/../../../../riscv64-elf/lib/rv32i/ilp32/libm.a(libm_a-kf_rem_pio2.o)
 .debug_str     0x000017db      0x173 /usr/lib/gcc/riscv64-elf/14.1.0/../../../../riscv64-elf/lib/rv32i/ilp32/libm.a(libm_a-sf_floor.o)
 .debug_str     0x000017db      0x19e /usr/lib/gcc/riscv64-elf/14.1.0/../../../../riscv64-elf/lib/rv32i/ilp32/libm.a(libm_a-sf_scalbn.o)
 .debug_str     0x000017db      0x290 /usr/lib/gcc/riscv64-elf/14.1.0/rv32i/ilp32/libgcc.a(_divdi3.o)
 .debug_str     0x000017db      0x291 /usr/lib/gcc/riscv64-elf/14.1.0/rv32i/ilp32/libgcc.a(_udivdi3.o)
 .debug_str     0x000017db      0x291 /usr/lib/gcc/riscv64-elf/14.1.0/rv32i/ilp32/libgcc.a(_umoddi3.o)
 .debug_str     0x000017db      0x265 /usr/lib/gcc/riscv64-elf/14.1.0/rv32i/ilp32/libgcc.a(addsf3.o)
 .debug_str     0x000017db      0x2ec /usr/lib/gcc/riscv64-elf/14.1.0/rv32i/ilp32/libgcc.a(divsf3.o)
 .debug_str     0x000017db      0x198 /usr/lib/gcc/riscv64-elf/14.1.0/rv32i/ilp32/libgcc.a(eqsf2.o)
 .debug_str     0x000017db      0x1bc /usr/lib/gcc/riscv64-elf/14.1.0/rv32i/ilp32/libgcc.a(gesf2.o)
 .debug_str     0x000017db      0x296 /usr/lib/gcc/riscv64-elf/14.1.0/rv32i/ilp32/libgcc.a(mulsf3.o)
 .debug_str     0x000017db      0x265 /usr/lib/gcc/riscv64-elf/14.1.0/rv32i/ilp32/libgcc.a(subsf3.o)
 .debug_str     0x000017db      0x19d /usr/lib/gcc/riscv64-elf/14.1.0/rv32i/ilp32/libgcc.a(fixsfsi.o)
 .debug_str     0x000017db      0x22d /usr/lib/gcc/riscv64-elf/14.1.0/rv32i/ilp32/libgcc.a(floatsisf.o)
 .debug_str     0x000017db       0x9c /usr/lib/gcc/riscv64-elf/14.1.0/rv32i/ilp32/libgcc.a(muldi3.o)
 .debug_str     0x000017db      0x22f /usr/lib/gcc/riscv64-elf/14.1.0/rv32i/ilp32/libgcc.a(multi3.o)
 .debug_str     0x000017db       0xc9 /usr/lib/gcc/riscv64-elf/14.1.0/rv32i/ilp32/libgcc.a(div.o)
 .debug_str     0x000017db      0x1b5 /usr/lib/gcc/riscv64-elf/14.1.0/rv32i/ilp32/libgcc.a(_clz.o)
 .debug_str     0x000017db      0x1d2 /usr/lib/gcc/riscv64-elf/14.1.0/rv32i/ilp32/libgcc.a(_clzsi2.o)

.debug_loclists
                0x00000000     0xde87
 .debug_loclists
                0x00000000     0x2f7e builds/build0/main.o
 .debug_loclists
                0x00002f7e     0x2a0c builds/build0/riscYstdio.o
 .debug_loclists
                0x0000598a     0x2301 builds/build0/tinyprintf.o
 .debug_loclists
                0x00007c8b       0x97 /usr/lib/gcc/riscv64-elf/14.1.0/../../../../riscv64-elf/lib/rv32i/ilp32/libm.a(libm_a-sf_cos.o)
 .debug_loclists
                0x00007d22       0x97 /usr/lib/gcc/riscv64-elf/14.1.0/../../../../riscv64-elf/lib/rv32i/ilp32/libm.a(libm_a-sf_sin.o)
 .debug_loclists
                0x00007db9      0x201 /usr/lib/gcc/riscv64-elf/14.1.0/../../../../riscv64-elf/lib/rv32i/ilp32/libm.a(libm_a-kf_cos.o)
 .debug_loclists
                0x00007fba      0x15f /usr/lib/gcc/riscv64-elf/14.1.0/../../../../riscv64-elf/lib/rv32i/ilp32/libm.a(libm_a-kf_sin.o)
 .debug_loclists
                0x00008119      0x627 /usr/lib/gcc/riscv64-elf/14.1.0/../../../../riscv64-elf/lib/rv32i/ilp32/libm.a(libm_a-ef_rem_pio2.o)
 .debug_loclists
                0x00008740       0x35 /usr/lib/gcc/riscv64-elf/14.1.0/../../../../riscv64-elf/lib/rv32i/ilp32/libm.a(libm_a-sf_fabs.o)
 .debug_loclists
                0x00008775      0xc95 /usr/lib/gcc/riscv64-elf/14.1.0/../../../../riscv64-elf/lib/rv32i/ilp32/libm.a(libm_a-kf_rem_pio2.o)
 .debug_loclists
                0x0000940a      0x1cc /usr/lib/gcc/riscv64-elf/14.1.0/../../../../riscv64-elf/lib/rv32i/ilp32/libm.a(libm_a-sf_floor.o)
 .debug_loclists
                0x000095d6      0x343 /usr/lib/gcc/riscv64-elf/14.1.0/../../../../riscv64-elf/lib/rv32i/ilp32/libm.a(libm_a-sf_scalbn.o)
 .debug_loclists
                0x00009919      0x8f6 /usr/lib/gcc/riscv64-elf/14.1.0/rv32i/ilp32/libgcc.a(_divdi3.o)
 .debug_loclists
                0x0000a20f      0xa64 /usr/lib/gcc/riscv64-elf/14.1.0/rv32i/ilp32/libgcc.a(_udivdi3.o)
 .debug_loclists
                0x0000ac73      0x8cf /usr/lib/gcc/riscv64-elf/14.1.0/rv32i/ilp32/libgcc.a(_umoddi3.o)
 .debug_loclists
                0x0000b542      0xc42 /usr/lib/gcc/riscv64-elf/14.1.0/rv32i/ilp32/libgcc.a(addsf3.o)
 .debug_loclists
                0x0000c184      0x63d /usr/lib/gcc/riscv64-elf/14.1.0/rv32i/ilp32/libgcc.a(divsf3.o)
 .debug_loclists
                0x0000c7c1       0x44 /usr/lib/gcc/riscv64-elf/14.1.0/rv32i/ilp32/libgcc.a(eqsf2.o)
 .debug_loclists
                0x0000c805      0x103 /usr/lib/gcc/riscv64-elf/14.1.0/rv32i/ilp32/libgcc.a(gesf2.o)
 .debug_loclists
                0x0000c908      0x4e5 /usr/lib/gcc/riscv64-elf/14.1.0/rv32i/ilp32/libgcc.a(mulsf3.o)
 .debug_loclists
                0x0000cded      0xba0 /usr/lib/gcc/riscv64-elf/14.1.0/rv32i/ilp32/libgcc.a(subsf3.o)
 .debug_loclists
                0x0000d98d       0xfb /usr/lib/gcc/riscv64-elf/14.1.0/rv32i/ilp32/libgcc.a(fixsfsi.o)
 .debug_loclists
                0x0000da88      0x251 /usr/lib/gcc/riscv64-elf/14.1.0/rv32i/ilp32/libgcc.a(floatsisf.o)
 .debug_loclists
                0x0000dcd9      0x140 /usr/lib/gcc/riscv64-elf/14.1.0/rv32i/ilp32/libgcc.a(multi3.o)
 .debug_loclists
                0x0000de19       0x6e /usr/lib/gcc/riscv64-elf/14.1.0/rv32i/ilp32/libgcc.a(_clzsi2.o)

.debug_rnglists
                0x00000000     0x3c64
 .debug_rnglists
                0x00000000     0x205c builds/build0/main.o
 .debug_rnglists
                0x0000205c      0xd29 builds/build0/riscYstdio.o
 .debug_rnglists
                0x00002d85      0x38a builds/build0/tinyprintf.o
 .debug_rnglists
                0x0000310f       0x29 /usr/lib/gcc/riscv64-elf/14.1.0/../../../../riscv64-elf/lib/rv32i/ilp32/libm.a(libm_a-sf_cos.o)
 .debug_rnglists
                0x00003138       0x29 /usr/lib/gcc/riscv64-elf/14.1.0/../../../../riscv64-elf/lib/rv32i/ilp32/libm.a(libm_a-sf_sin.o)
 .debug_rnglists
                0x00003161       0x45 /usr/lib/gcc/riscv64-elf/14.1.0/../../../../riscv64-elf/lib/rv32i/ilp32/libm.a(libm_a-kf_cos.o)
 .debug_rnglists
                0x000031a6       0x29 /usr/lib/gcc/riscv64-elf/14.1.0/../../../../riscv64-elf/lib/rv32i/ilp32/libm.a(libm_a-kf_sin.o)
 .debug_rnglists
                0x000031cf       0x4e /usr/lib/gcc/riscv64-elf/14.1.0/../../../../riscv64-elf/lib/rv32i/ilp32/libm.a(libm_a-ef_rem_pio2.o)
 .debug_rnglists
                0x0000321d       0x16 /usr/lib/gcc/riscv64-elf/14.1.0/../../../../riscv64-elf/lib/rv32i/ilp32/libm.a(libm_a-sf_fabs.o)
 .debug_rnglists
                0x00003233       0x16 /usr/lib/gcc/riscv64-elf/14.1.0/../../../../riscv64-elf/lib/rv32i/ilp32/libm.a(libm_a-kf_rem_pio2.o)
 .debug_rnglists
                0x00003249       0x32 /usr/lib/gcc/riscv64-elf/14.1.0/../../../../riscv64-elf/lib/rv32i/ilp32/libm.a(libm_a-sf_floor.o)
 .debug_rnglists
                0x0000327b       0x61 /usr/lib/gcc/riscv64-elf/14.1.0/../../../../riscv64-elf/lib/rv32i/ilp32/libm.a(libm_a-sf_scalbn.o)
 .debug_rnglists
                0x000032dc      0x11c /usr/lib/gcc/riscv64-elf/14.1.0/rv32i/ilp32/libgcc.a(_divdi3.o)
 .debug_rnglists
                0x000033f8      0x137 /usr/lib/gcc/riscv64-elf/14.1.0/rv32i/ilp32/libgcc.a(_udivdi3.o)
 .debug_rnglists
                0x0000352f       0xdb /usr/lib/gcc/riscv64-elf/14.1.0/rv32i/ilp32/libgcc.a(_umoddi3.o)
 .debug_rnglists
                0x0000360a      0x19f /usr/lib/gcc/riscv64-elf/14.1.0/rv32i/ilp32/libgcc.a(addsf3.o)
 .debug_rnglists
                0x000037a9       0xc8 /usr/lib/gcc/riscv64-elf/14.1.0/rv32i/ilp32/libgcc.a(divsf3.o)
 .debug_rnglists
                0x00003871       0x45 /usr/lib/gcc/riscv64-elf/14.1.0/rv32i/ilp32/libgcc.a(eqsf2.o)
 .debug_rnglists
                0x000038b6       0x3c /usr/lib/gcc/riscv64-elf/14.1.0/rv32i/ilp32/libgcc.a(gesf2.o)
 .debug_rnglists
                0x000038f2       0xd2 /usr/lib/gcc/riscv64-elf/14.1.0/rv32i/ilp32/libgcc.a(mulsf3.o)
 .debug_rnglists
                0x000039c4      0x196 /usr/lib/gcc/riscv64-elf/14.1.0/rv32i/ilp32/libgcc.a(subsf3.o)
 .debug_rnglists
                0x00003b5a       0x29 /usr/lib/gcc/riscv64-elf/14.1.0/rv32i/ilp32/libgcc.a(fixsfsi.o)
 .debug_rnglists
                0x00003b83       0x99 /usr/lib/gcc/riscv64-elf/14.1.0/rv32i/ilp32/libgcc.a(floatsisf.o)
 .debug_rnglists
                0x00003c1c       0x16 /usr/lib/gcc/riscv64-elf/14.1.0/rv32i/ilp32/libgcc.a(multi3.o)
 .debug_rnglists
                0x00003c32       0x32 /usr/lib/gcc/riscv64-elf/14.1.0/rv32i/ilp32/libgcc.a(_clzsi2.o)

.debug_frame    0x00000000      0xf64
 .debug_frame   0x00000000      0x2f0 builds/build0/main.o
 .debug_frame   0x000002f0      0x4ac builds/build0/riscYstdio.o
 .debug_frame   0x0000079c      0x220 builds/build0/tinyprintf.o
 .debug_frame   0x000009bc       0x40 /usr/lib/gcc/riscv64-elf/14.1.0/../../../../riscv64-elf/lib/rv32i/ilp32/libm.a(libm_a-sf_cos.o)
 .debug_frame   0x000009fc       0x40 /usr/lib/gcc/riscv64-elf/14.1.0/../../../../riscv64-elf/lib/rv32i/ilp32/libm.a(libm_a-sf_sin.o)
 .debug_frame   0x00000a3c       0x70 /usr/lib/gcc/riscv64-elf/14.1.0/../../../../riscv64-elf/lib/rv32i/ilp32/libm.a(libm_a-kf_cos.o)
 .debug_frame   0x00000aac       0x68 /usr/lib/gcc/riscv64-elf/14.1.0/../../../../riscv64-elf/lib/rv32i/ilp32/libm.a(libm_a-kf_sin.o)
 .debug_frame   0x00000b14       0xdc /usr/lib/gcc/riscv64-elf/14.1.0/../../../../riscv64-elf/lib/rv32i/ilp32/libm.a(libm_a-ef_rem_pio2.o)
 .debug_frame   0x00000bf0       0x20 /usr/lib/gcc/riscv64-elf/14.1.0/../../../../riscv64-elf/lib/rv32i/ilp32/libm.a(libm_a-sf_fabs.o)
 .debug_frame   0x00000c10       0x64 /usr/lib/gcc/riscv64-elf/14.1.0/../../../../riscv64-elf/lib/rv32i/ilp32/libm.a(libm_a-kf_rem_pio2.o)
 .debug_frame   0x00000c74       0x90 /usr/lib/gcc/riscv64-elf/14.1.0/../../../../riscv64-elf/lib/rv32i/ilp32/libm.a(libm_a-sf_floor.o)
 .debug_frame   0x00000d04       0x58 /usr/lib/gcc/riscv64-elf/14.1.0/../../../../riscv64-elf/lib/rv32i/ilp32/libm.a(libm_a-sf_scalbn.o)
 .debug_frame   0x00000d5c       0x40 /usr/lib/gcc/riscv64-elf/14.1.0/rv32i/ilp32/libgcc.a(addsf3.o)
 .debug_frame   0x00000d9c       0x58 /usr/lib/gcc/riscv64-elf/14.1.0/rv32i/ilp32/libgcc.a(divsf3.o)
 .debug_frame   0x00000df4       0x20 /usr/lib/gcc/riscv64-elf/14.1.0/rv32i/ilp32/libgcc.a(eqsf2.o)
 .debug_frame   0x00000e14       0x20 /usr/lib/gcc/riscv64-elf/14.1.0/rv32i/ilp32/libgcc.a(gesf2.o)
 .debug_frame   0x00000e34       0x4c /usr/lib/gcc/riscv64-elf/14.1.0/rv32i/ilp32/libgcc.a(mulsf3.o)
 .debug_frame   0x00000e80       0x40 /usr/lib/gcc/riscv64-elf/14.1.0/rv32i/ilp32/libgcc.a(subsf3.o)
 .debug_frame   0x00000ec0       0x20 /usr/lib/gcc/riscv64-elf/14.1.0/rv32i/ilp32/libgcc.a(fixsfsi.o)
 .debug_frame   0x00000ee0       0x38 /usr/lib/gcc/riscv64-elf/14.1.0/rv32i/ilp32/libgcc.a(floatsisf.o)
 .debug_frame   0x00000f18       0x2c /usr/lib/gcc/riscv64-elf/14.1.0/rv32i/ilp32/libgcc.a(multi3.o)
 .debug_frame   0x00000f44       0x20 /usr/lib/gcc/riscv64-elf/14.1.0/rv32i/ilp32/libgcc.a(_clzsi2.o)
