
There are no discarded input sections

Memory Configuration

Name             Origin             Length             Attributes
RAM              0x00400000         0x00004000         xw
*default*        0x00000000         0xffffffff

Linker script and memory map

LOAD builds/build0/startup.o
LOAD builds/build0/main.o
LOAD builds/build0/riscYstdio.o
                0x00000800                        _stack_size = 0x800
                0x00400000                        . = ORIGIN (RAM)

.text           0x00400000      0xca4
 *(.text)
 .text          0x00400000       0x1c builds/build0/startup.o
                0x00400000                _start
 .text          0x0040001c      0x20c builds/build0/main.o
                0x0040001c                getUSBint
                0x00400028                WriteSprite
                0x00400058                USBParser
                0x0040014c                SetAttributes
                0x0040018c                ClearScreenRightToLeft
                0x0040021c                getClock1M
 .text          0x00400228      0x684 builds/build0/riscYstdio.o
                0x00400228                memcpy
                0x0040024c                memset
                0x00400268                getButtonDown
                0x00400274                getButtonUp
                0x00400280                getButtonLeft
                0x0040028c                getButtonRight
                0x00400298                putch
                0x004002c8                printString
                0x00400388                printHex
                0x00400428                printDec
                0x00400520                printf
                0x004006bc                printfSCR
                0x00400854                clearScreen
                0x004008a0                resetScreenVector
 *(.rodata)
 .rodata        0x004008ac      0x3e4 builds/build0/main.o
 .rodata        0x00400c90       0x14 builds/build0/riscYstdio.o
                0x00400ca4                        _etext = .

.text.startup   0x00400ca4      0xd94
 .text.startup  0x00400ca4      0xd94 builds/build0/main.o
                0x00400ca4                main

.rodata.str1.4  0x00401a38      0x64e
 .rodata.str1.4
                0x00401a38      0x64e builds/build0/main.o
                                0x631 (size before relaxing)
 .rodata.str1.4
                0x00402086       0x1a builds/build0/riscYstdio.o

.rela.dyn       0x00402088        0x0
 .rela.text     0x00402088        0x0 builds/build0/startup.o
                0x00402088                        . = ALIGN (0x4)

.data           0x00402086        0x0 load address 0x00400ca4
                0x00402086                        _sdata = .
 *(.data)
 .data          0x00402086        0x0 builds/build0/startup.o
 .data          0x00402086        0x0 builds/build0/main.o
 .data          0x00402086        0x0 builds/build0/riscYstdio.o
                0x00402086                        _edata = .
                0x00402088                        . = ALIGN (0x4)

.bss            0x00402086        0x0
                0x00402086                        _sbss = .
 *(.bss COMMON)
 .bss           0x00402086        0x0 builds/build0/startup.o
 .bss           0x00402086        0x0 builds/build0/main.o
 .bss           0x00402086        0x0 builds/build0/riscYstdio.o
                0x00402086                        _ebss = .
                0x00402088                        . = ALIGN (0x4)
                0x00404000                        _stack_end = (ORIGIN (RAM) + LENGTH (RAM))
                0x00403800                        _stack_top = (_stack_end - _stack_size)
                0x00403000                        _stack_bottom = (_stack_top - _stack_size)
OUTPUT(builds/build0/program.elf elf32-littleriscv)

.sbss           0x00402086        0x2
 .sbss          0x00402086        0x2 builds/build0/riscYstdio.o
                0x00402086                screenPos

.riscv.attributes
                0x00000000       0x1c
 .riscv.attributes
                0x00000000       0x1a builds/build0/startup.o
 .riscv.attributes
                0x0000001a       0x1c builds/build0/main.o
 .riscv.attributes
                0x00000036       0x1c builds/build0/riscYstdio.o

.comment        0x00000000       0x1b
 .comment       0x00000000       0x1b builds/build0/main.o
                                 0x1c (size before relaxing)
 .comment       0x0000001b       0x1c builds/build0/riscYstdio.o

.note.GNU-stack
                0x00000000        0x0
 .note.GNU-stack
                0x00000000        0x0 builds/build0/main.o
 .note.GNU-stack
                0x00000000        0x0 builds/build0/riscYstdio.o
