
There are no discarded input sections

Memory Configuration

Name             Origin             Length             Attributes
RAM              0x00400000         0x00004000         xw
*default*        0x00000000         0xffffffff

Linker script and memory map

LOAD builds/build1/startup.o
LOAD builds/build1/main.o
LOAD builds/build1/riscYstdio.o
                0x00000800                        _stack_size = 0x800
                0x00400000                        . = ORIGIN (RAM)

.text           0x00400000      0xaa0
 *(.text)
 .text          0x00400000      0x114 builds/build1/startup.o
                0x00400000                _start
                0x00400078                trap_vector
 .text          0x00400114      0x220 builds/build1/main.o
                0x00400114                set_timer_interrupt
                0x00400140                c_trap_handler
                0x00400234                getUSBint
                0x00400240                USBParser
 .text          0x00400334      0x684 builds/build1/riscYstdio.o
                0x00400334                memcpy
                0x00400358                memset
                0x00400374                getButtonDown
                0x00400380                getButtonUp
                0x0040038c                getButtonLeft
                0x00400398                getButtonRight
                0x004003a4                putch
                0x004003d4                printString
                0x00400494                printHex
                0x00400534                printDec
                0x0040062c                printf
                0x004007c8                printfSCR
                0x00400960                clearScreen
                0x004009ac                resetScreenVector
 *(.rodata)
 .rodata        0x004009b8       0xd4 builds/build1/main.o
 .rodata        0x00400a8c       0x14 builds/build1/riscYstdio.o
                0x00400aa0                        _etext = .

.text.startup   0x00400aa0       0x44
 .text.startup  0x00400aa0       0x44 builds/build1/main.o
                0x00400aa0                main

.rodata.str1.4  0x00400ae4       0xca
 .rodata.str1.4
                0x00400ae4       0xca builds/build1/main.o
                                 0xb0 (size before relaxing)
 .rodata.str1.4
                0x00400bae       0x1a builds/build1/riscYstdio.o

.rela.dyn       0x00400bb0        0x0
 .rela.text     0x00400bb0        0x0 builds/build1/startup.o
                0x00400bb0                        . = ALIGN (0x4)

.data           0x00400bae        0x0 load address 0x00400aa0
                0x00400bae                        _sdata = .
 *(.data)
 .data          0x00400bae        0x0 builds/build1/startup.o
 .data          0x00400bae        0x0 builds/build1/main.o
 .data          0x00400bae        0x0 builds/build1/riscYstdio.o
                0x00400bae                        _edata = .
                0x00400bb0                        . = ALIGN (0x4)

.bss            0x00400bae        0x0
                0x00400bae                        _sbss = .
 *(.bss COMMON)
 .bss           0x00400bae        0x0 builds/build1/startup.o
 .bss           0x00400bae        0x0 builds/build1/main.o
 .bss           0x00400bae        0x0 builds/build1/riscYstdio.o
                0x00400bae                        _ebss = .
                0x00400bb0                        . = ALIGN (0x4)
                0x00404000                        _stack_end = (ORIGIN (RAM) + LENGTH (RAM))
                0x00404000                        _stack_top = _stack_end
                0x00403800                        _stack_bottom = (_stack_top - _stack_size)
OUTPUT(builds/build1/program.elf elf32-littleriscv)

.sbss           0x00400bb0        0x6
 .sbss          0x00400bb0        0x4 builds/build1/main.o
                0x00400bb0                intCount
 .sbss          0x00400bb4        0x2 builds/build1/riscYstdio.o
                0x00400bb4                screenPos

.riscv.attributes
                0x00000000       0x29
 .riscv.attributes
                0x00000000       0x27 builds/build1/startup.o
 .riscv.attributes
                0x00000027       0x25 builds/build1/main.o
 .riscv.attributes
                0x0000004c       0x25 builds/build1/riscYstdio.o

.comment        0x00000000       0x19
 .comment       0x00000000       0x19 builds/build1/main.o
                                 0x1a (size before relaxing)
 .comment       0x00000019       0x1a builds/build1/riscYstdio.o

.note.GNU-stack
                0x00000000        0x0
 .note.GNU-stack
                0x00000000        0x0 builds/build1/main.o
 .note.GNU-stack
                0x00000000        0x0 builds/build1/riscYstdio.o
