
There are no discarded input sections

Memory Configuration

Name             Origin             Length             Attributes
RAM              0x00400000         0x00002000         xw
*default*        0x00000000         0xffffffff

Linker script and memory map

LOAD builds/build4/startup.o
LOAD builds/build4/main.o
LOAD builds/build4/riscYstdio.o
                0x00000600                        _stack_size = 0x600
                0x00400000                        . = ORIGIN (RAM)

.text           0x00400000      0x6e0
 *(.text)
 .text          0x00400000       0x1c builds/build4/startup.o
                0x00400000                _start
 .text          0x0040001c       0x2c builds/build4/main.o
                0x0040001c                writeRam
                0x00400030                readRam
 .text          0x00400048      0x684 builds/build4/riscYstdio.o
                0x00400048                memcpy
                0x0040006c                memset
                0x00400088                getButtonDown
                0x00400094                getButtonUp
                0x004000a0                getButtonLeft
                0x004000ac                getButtonRight
                0x004000b8                putch
                0x004000e8                printString
                0x004001a8                printHex
                0x00400248                printDec
                0x00400340                printf
                0x004004dc                printfSCR
                0x00400674                clearScreen
                0x004006c0                resetScreenVector
 *(.rodata)
 .rodata        0x004006cc       0x14 builds/build4/riscYstdio.o
                0x004006e0                        _etext = .

.text.startup   0x004006e0      0x17c
 .text.startup  0x004006e0      0x17c builds/build4/main.o
                0x004006e0                main

.rodata.str1.4  0x0040085c       0x42
 .rodata.str1.4
                0x0040085c       0x42 builds/build4/main.o
                                 0x25 (size before relaxing)
 .rodata.str1.4
                0x0040089e       0x1a builds/build4/riscYstdio.o

.rela.dyn       0x004008a0        0x0
 .rela.text     0x004008a0        0x0 builds/build4/startup.o
                0x004008a0                        . = ALIGN (0x4)

.data           0x0040089e        0x0 load address 0x004006e0
                0x0040089e                        _sdata = .
 *(.data)
 .data          0x0040089e        0x0 builds/build4/startup.o
 .data          0x0040089e        0x0 builds/build4/main.o
 .data          0x0040089e        0x0 builds/build4/riscYstdio.o
                0x0040089e                        _edata = .
                0x004008a0                        . = ALIGN (0x4)

.bss            0x0040089e        0x0
                0x0040089e                        _sbss = .
 *(.bss COMMON)
 .bss           0x0040089e        0x0 builds/build4/startup.o
 .bss           0x0040089e        0x0 builds/build4/main.o
 .bss           0x0040089e        0x0 builds/build4/riscYstdio.o
                0x0040089e                        _ebss = .
                0x004008a0                        . = ALIGN (0x4)
                0x00402000                        _stack_end = (ORIGIN (RAM) + LENGTH (RAM))
                0x00401a00                        _stack_top = (_stack_end - _stack_size)
                0x00401400                        _stack_bottom = (_stack_top - _stack_size)
OUTPUT(builds/build4/program.elf elf32-littleriscv)

.sbss           0x0040089e        0x2
 .sbss          0x0040089e        0x2 builds/build4/riscYstdio.o
                0x0040089e                screenPos

.riscv.attributes
                0x00000000       0x1c
 .riscv.attributes
                0x00000000       0x1a builds/build4/startup.o
 .riscv.attributes
                0x0000001a       0x1c builds/build4/main.o
 .riscv.attributes
                0x00000036       0x1c builds/build4/riscYstdio.o

.comment        0x00000000       0x1b
 .comment       0x00000000       0x1b builds/build4/main.o
                                 0x1c (size before relaxing)
 .comment       0x0000001b       0x1c builds/build4/riscYstdio.o

.note.GNU-stack
                0x00000000        0x0
 .note.GNU-stack
                0x00000000        0x0 builds/build4/main.o
 .note.GNU-stack
                0x00000000        0x0 builds/build4/riscYstdio.o
