
There are no discarded input sections

Memory Configuration

Name             Origin             Length             Attributes
RAM              0x00400000         0x00004000         xw
*default*        0x00000000         0xffffffff

Linker script and memory map

LOAD builds/build4/startup.o
LOAD builds/build4/main.o
LOAD builds/build4/riscYstdio.o
                0x00000800                        _stack_size = 0x800
                0x00400000                        . = ORIGIN (RAM)

.text           0x00400000      0xb60
 *(.text)
 .text          0x00400000      0x18c builds/build4/startup.o
                0x00400000                _start
                0x00400078                trap_vector
 .text          0x0040018c      0x268 builds/build4/main.o
                0x0040018c                set_timer_interrupt
                0x004001b8                c_trap_handler
                0x004002f4                getUSBint
                0x00400300                USBParser
 .text          0x004003f4      0x684 builds/build4/riscYstdio.o
                0x004003f4                memcpy
                0x00400418                memset
                0x00400434                getButtonDown
                0x00400440                getButtonUp
                0x0040044c                getButtonLeft
                0x00400458                getButtonRight
                0x00400464                putch
                0x00400494                printString
                0x00400554                printHex
                0x004005f4                printDec
                0x004006ec                printf
                0x00400888                printfSCR
                0x00400a20                clearScreen
                0x00400a6c                resetScreenVector
 *(.rodata)
 .rodata        0x00400a78       0xd4 builds/build4/main.o
 .rodata        0x00400b4c       0x14 builds/build4/riscYstdio.o
                0x00400b60                        _etext = .

.text.startup   0x00400b60       0x58
 .text.startup  0x00400b60       0x58 builds/build4/main.o
                0x00400b60                main

.rodata.str1.4  0x00400bb8      0x106
 .rodata.str1.4
                0x00400bb8      0x106 builds/build4/main.o
                                 0xe9 (size before relaxing)
 .rodata.str1.4
                0x00400cbe       0x1a builds/build4/riscYstdio.o

.rela.dyn       0x00400cc0        0x0
 .rela.text     0x00400cc0        0x0 builds/build4/startup.o
                0x00400cc0                        . = ALIGN (0x4)

.data           0x00400cbe        0x0 load address 0x00400b60
                0x00400cbe                        _sdata = .
 *(.data)
 .data          0x00400cbe        0x0 builds/build4/startup.o
 .data          0x00400cbe        0x0 builds/build4/main.o
 .data          0x00400cbe        0x0 builds/build4/riscYstdio.o
                0x00400cbe                        _edata = .
                0x00400cc0                        . = ALIGN (0x4)

.bss            0x00400cbe        0x0
                0x00400cbe                        _sbss = .
 *(.bss COMMON)
 .bss           0x00400cbe        0x0 builds/build4/startup.o
 .bss           0x00400cbe        0x0 builds/build4/main.o
 .bss           0x00400cbe        0x0 builds/build4/riscYstdio.o
                0x00400cbe                        _ebss = .
                0x00400cc0                        . = ALIGN (0x4)
                0x00404000                        _stack_end = (ORIGIN (RAM) + LENGTH (RAM))
                0x00404000                        _stack_top = _stack_end
                0x00403800                        _stack_bottom = (_stack_top - _stack_size)
OUTPUT(builds/build4/program.elf elf32-littleriscv)

.sbss           0x00400cc0        0x6
 .sbss          0x00400cc0        0x4 builds/build4/main.o
                0x00400cc0                intCount
 .sbss          0x00400cc4        0x2 builds/build4/riscYstdio.o
                0x00400cc4                screenPos

.riscv.attributes
                0x00000000       0x29
 .riscv.attributes
                0x00000000       0x27 builds/build4/startup.o
 .riscv.attributes
                0x00000027       0x25 builds/build4/main.o
 .riscv.attributes
                0x0000004c       0x25 builds/build4/riscYstdio.o

.comment        0x00000000       0x19
 .comment       0x00000000       0x19 builds/build4/main.o
                                 0x1a (size before relaxing)
 .comment       0x00000019       0x1a builds/build4/riscYstdio.o

.note.GNU-stack
                0x00000000        0x0
 .note.GNU-stack
                0x00000000        0x0 builds/build4/main.o
 .note.GNU-stack
                0x00000000        0x0 builds/build4/riscYstdio.o
