
There are no discarded input sections

Memory Configuration

Name             Origin             Length             Attributes
RAM              0x00800000         0x00002000         xw
*default*        0x00000000         0xffffffff

Linker script and memory map

LOAD builds/build0/startup.o
LOAD builds/build0/main.o
LOAD builds/build0/riscYstdio.o
                0x00000200                        _stack_size = 0x200
                0x00800000                        . = ORIGIN (RAM)

.text           0x00800000      0xefc
 *(.text)
 .text          0x00800000       0x60 builds/build0/startup.o
                0x00800000                _start
 .text          0x00800060      0x5f8 builds/build0/main.o
                0x00800060                __divsi3
                0x008000c8                __modsi3
                0x00800108                __mulsi3
                0x00800158                check_value
                0x008001ac                readFlash
                0x008001f4                getUSBint
                0x00800200                WriteSprite
                0x00800230                elfLoader
                0x00800584                TestRAM
 .text          0x00800658      0x890 builds/build0/riscYstdio.o
                0x00800658                vOutNS16550
                0x00800678                memcpy
                0x0080069c                memset
                0x008006b8                getButton
                0x008006c8                getButtonDown
                0x008006d4                getButtonUp
                0x008006e0                getButtonLeft
                0x008006ec                getButtonRight
                0x008006f8                putch
                0x00800768                printString
                0x00800828                printHex
                0x008008c8                printDec
                0x008009c0                printf
                0x00800b5c                printfSCR
                0x00800cf4                uart_printf
                0x00800e90                clearScreen
                0x00800edc                resetScreenVector
 *(.rodata)
 .rodata        0x00800ee8       0x14 builds/build0/riscYstdio.o
                0x00800efc                        _etext = .

.text.startup   0x00800efc      0x434
 .text.startup  0x00800efc      0x434 builds/build0/main.o
                0x00800efc                main

.rodata.str1.4  0x00801330      0x1ae
 .rodata.str1.4
                0x00801330      0x1ae builds/build0/main.o
                                0x193 (size before relaxing)
 .rodata.str1.4
                0x008014de       0x1a builds/build0/riscYstdio.o

.rela.dyn       0x008014e0        0x0
 .rela.text     0x008014e0        0x0 builds/build0/startup.o
                0x008014e0                        . = ALIGN (0x4)

.data           0x008014de        0x0
                0x008014de                        _sdata = .
 *(.data)
 .data          0x008014de        0x0 builds/build0/startup.o
 .data          0x008014de        0x0 builds/build0/main.o
 .data          0x008014de        0x0 builds/build0/riscYstdio.o
                0x008014de                        _edata = .
                0x008014e0                        . = ALIGN (0x4)

.bss            0x008014de        0x0
                0x008014de                        _sbss = .
 *(.bss COMMON)
 .bss           0x008014de        0x0 builds/build0/startup.o
 .bss           0x008014de        0x0 builds/build0/main.o
 .bss           0x008014de        0x0 builds/build0/riscYstdio.o
                0x008014de                        _ebss = .
                0x00802000                        _stack_end = (ORIGIN (RAM) + LENGTH (RAM))
                0x00802000                        _stack_top = _stack_end
                0x00801e00                        _stack_bottom = (_stack_top - _stack_size)
OUTPUT(builds/build0/program.elf elf32-littleriscv)

.sbss           0x008014e0        0x6
 .sbss          0x008014e0        0x4 builds/build0/main.o
                0x008014e0                line_seg
 .sbss          0x008014e4        0x2 builds/build0/riscYstdio.o
                0x008014e4                screenPos

.riscv.attributes
                0x00000000       0x1c
 .riscv.attributes
                0x00000000       0x1a builds/build0/startup.o
 .riscv.attributes
                0x0000001a       0x1c builds/build0/main.o
 .riscv.attributes
                0x00000036       0x1c builds/build0/riscYstdio.o

.comment        0x00000000       0x19
 .comment       0x00000000       0x19 builds/build0/main.o
                                 0x1a (size before relaxing)
 .comment       0x00000019       0x1a builds/build0/riscYstdio.o

.note.GNU-stack
                0x00000000        0x0
 .note.GNU-stack
                0x00000000        0x0 builds/build0/main.o
 .note.GNU-stack
                0x00000000        0x0 builds/build0/riscYstdio.o
