
There are no discarded input sections

Memory Configuration

Name             Origin             Length             Attributes
RAM              0x00000000         0x00001000         xw
*default*        0x00000000         0xffffffff

Linker script and memory map

LOAD builds/build15/startup.o
LOAD builds/build15/main.o
LOAD builds/build15/riscYstdio.o
                0x00000200                        _stack_size = 0x200
                0x00000000                        . = ORIGIN (RAM)

.text           0x00000000      0x788
 *(.text)
 .text          0x00000000       0x60 builds/build15/startup.o
                0x00000000                _start
 .text          0x00000060       0x84 builds/build15/main.o
                0x00000060                readFlash
                0x000000a8                getUSBint
                0x000000b4                WriteSprite
 .text          0x000000e4      0x690 builds/build15/riscYstdio.o
                0x000000e4                memcpy
                0x00000108                memset
                0x00000124                getButton
                0x00000134                getButtonDown
                0x00000140                getButtonUp
                0x0000014c                getButtonLeft
                0x00000158                getButtonRight
                0x00000164                putch
                0x00000194                printString
                0x00000254                printHex
                0x000002f4                printDec
                0x000003e8                printf
                0x00000584                printfSCR
                0x0000071c                clearScreen
                0x00000768                resetScreenVector
 *(.rodata)
 .rodata        0x00000774       0x14 builds/build15/riscYstdio.o
                0x00000788                        _etext = .

.text.startup   0x00000788      0x420
 .text.startup  0x00000788      0x420 builds/build15/main.o
                0x00000788                main

.rodata.str1.4  0x00000ba8       0x8e
 .rodata.str1.4
                0x00000ba8       0x8e builds/build15/main.o
                                 0x72 (size before relaxing)
 .rodata.str1.4
                0x00000c36       0x1a builds/build15/riscYstdio.o

.rela.dyn       0x00000c38        0x0
 .rela.text     0x00000c38        0x0 builds/build15/startup.o
                0x00000c38                        . = ALIGN (0x4)

.data           0x00000c36        0x0 load address 0x00000788
                0x00000c36                        _sdata = .
 *(.data)
 .data          0x00000c36        0x0 builds/build15/startup.o
 .data          0x00000c36        0x0 builds/build15/main.o
 .data          0x00000c36        0x0 builds/build15/riscYstdio.o
                0x00000c36                        _edata = .
                0x00000c38                        . = ALIGN (0x4)

.bss            0x00000c36        0x0
                0x00000c36                        _sbss = .
 *(.bss COMMON)
 .bss           0x00000c36        0x0 builds/build15/startup.o
 .bss           0x00000c36        0x0 builds/build15/main.o
 .bss           0x00000c36        0x0 builds/build15/riscYstdio.o
                0x00000c36                        _ebss = .
                0x00000c38                        . = ALIGN (0x4)
                0x00001000                        _stack_end = (ORIGIN (RAM) + LENGTH (RAM))
                0x00000e00                        _stack_top = (_stack_end - _stack_size)
                0x00000c00                        _stack_bottom = (_stack_top - _stack_size)
OUTPUT(builds/build15/program.elf elf32-littleriscv)

.sbss           0x00000c36        0x2
 .sbss          0x00000c36        0x2 builds/build15/riscYstdio.o
                0x00000c36                screenPos

.riscv.attributes
                0x00000000       0x1c
 .riscv.attributes
                0x00000000       0x1a builds/build15/startup.o
 .riscv.attributes
                0x0000001a       0x1c builds/build15/main.o
 .riscv.attributes
                0x00000036       0x1c builds/build15/riscYstdio.o

.comment        0x00000000       0x19
 .comment       0x00000000       0x19 builds/build15/main.o
                                 0x1a (size before relaxing)
 .comment       0x00000019       0x1a builds/build15/riscYstdio.o

.note.GNU-stack
                0x00000000        0x0
 .note.GNU-stack
                0x00000000        0x0 builds/build15/main.o
 .note.GNU-stack
                0x00000000        0x0 builds/build15/riscYstdio.o
