
There are no discarded input sections

Memory Configuration

Name             Origin             Length             Attributes
RAM              0x00400000         0x00002000         xw
*default*        0x00000000         0xffffffff

Linker script and memory map

LOAD builds/build5/startup.o
LOAD builds/build5/main.o
LOAD builds/build5/riscYstdio.o
                0x00000600                        _stack_size = 0x600
                0x00400000                        . = ORIGIN (RAM)

.text           0x00400000      0x6f0
 *(.text)
 .text          0x00400000       0x1c builds/build5/startup.o
                0x00400000                _start
 .text          0x0040001c       0x3c builds/build5/main.o
                0x0040001c                writeRam
                0x00400038                readRam
 .text          0x00400058      0x684 builds/build5/riscYstdio.o
                0x00400058                memcpy
                0x0040007c                memset
                0x00400098                getButtonDown
                0x004000a4                getButtonUp
                0x004000b0                getButtonLeft
                0x004000bc                getButtonRight
                0x004000c8                putch
                0x004000f8                printString
                0x004001b8                printHex
                0x00400258                printDec
                0x00400350                printf
                0x004004ec                printfSCR
                0x00400684                clearScreen
                0x004006d0                resetScreenVector
 *(.rodata)
 .rodata        0x004006dc       0x14 builds/build5/riscYstdio.o
                0x004006f0                        _etext = .

.text.startup   0x004006f0      0x1fc
 .text.startup  0x004006f0      0x1fc builds/build5/main.o
                0x004006f0                main

.rodata.str1.4  0x004008ec       0x42
 .rodata.str1.4
                0x004008ec       0x42 builds/build5/main.o
                                 0x25 (size before relaxing)
 .rodata.str1.4
                0x0040092e       0x1a builds/build5/riscYstdio.o

.rela.dyn       0x00400930        0x0
 .rela.text     0x00400930        0x0 builds/build5/startup.o
                0x00400930                        . = ALIGN (0x4)

.data           0x0040092e        0x0 load address 0x004006f0
                0x0040092e                        _sdata = .
 *(.data)
 .data          0x0040092e        0x0 builds/build5/startup.o
 .data          0x0040092e        0x0 builds/build5/main.o
 .data          0x0040092e        0x0 builds/build5/riscYstdio.o
                0x0040092e                        _edata = .
                0x00400930                        . = ALIGN (0x4)

.bss            0x0040092e        0x0
                0x0040092e                        _sbss = .
 *(.bss COMMON)
 .bss           0x0040092e        0x0 builds/build5/startup.o
 .bss           0x0040092e        0x0 builds/build5/main.o
 .bss           0x0040092e        0x0 builds/build5/riscYstdio.o
                0x0040092e                        _ebss = .
                0x00400930                        . = ALIGN (0x4)
                0x00402000                        _stack_end = (ORIGIN (RAM) + LENGTH (RAM))
                0x00401a00                        _stack_top = (_stack_end - _stack_size)
                0x00401400                        _stack_bottom = (_stack_top - _stack_size)
OUTPUT(builds/build5/program.elf elf32-littleriscv)

.sbss           0x0040092e        0x2
 .sbss          0x0040092e        0x2 builds/build5/riscYstdio.o
                0x0040092e                screenPos

.riscv.attributes
                0x00000000       0x1c
 .riscv.attributes
                0x00000000       0x1a builds/build5/startup.o
 .riscv.attributes
                0x0000001a       0x1c builds/build5/main.o
 .riscv.attributes
                0x00000036       0x1c builds/build5/riscYstdio.o

.comment        0x00000000       0x1b
 .comment       0x00000000       0x1b builds/build5/main.o
                                 0x1c (size before relaxing)
 .comment       0x0000001b       0x1c builds/build5/riscYstdio.o

.note.GNU-stack
                0x00000000        0x0
 .note.GNU-stack
                0x00000000        0x0 builds/build5/main.o
 .note.GNU-stack
                0x00000000        0x0 builds/build5/riscYstdio.o
